../drivers/Src/stm32f411xx_spi_driver.c:15:6:SPI_PeriClockControl	16	static
../drivers/Src/stm32f411xx_spi_driver.c:45:6:SPI_Init	24	static
../drivers/Src/stm32f411xx_spi_driver.c:93:6:SPI_DeInint	16	static
../drivers/Src/stm32f411xx_spi_driver.c:97:9:SPI_Get_Flag_Status	16	static
../drivers/Src/stm32f411xx_spi_driver.c:110:6:SPI_SendData	24	static
../drivers/Src/stm32f411xx_spi_driver.c:135:6:SPI_ReceiveData	24	static
../drivers/Src/stm32f411xx_spi_driver.c:159:6:SPI_PeripheralControl	16	static
../drivers/Src/stm32f411xx_spi_driver.c:170:6:SPI_SSIConfig	16	static
../drivers/Src/stm32f411xx_spi_driver.c:181:6:SPI_SSOEConfig	16	static
../drivers/Src/stm32f411xx_spi_driver.c:198:6:SPI_IRQInterruptConfig	16	static
../drivers/Src/stm32f411xx_spi_driver.c:224:7:SPI_IRQPriorityConfig	24	static
../drivers/Src/stm32f411xx_spi_driver.c:238:9:SPI_SendDataIT	32	static
../drivers/Src/stm32f411xx_spi_driver.c:255:9:SPI_ReceiveDataIT	32	static
../drivers/Src/stm32f411xx_spi_driver.c:273:6:SPI_IRQHandling	24	static
../drivers/Src/stm32f411xx_spi_driver.c:307:13:spi_txe_interrupt_handle	16	static
../drivers/Src/stm32f411xx_spi_driver.c:334:13:spi_rxne_interrupt_handle	16	static
../drivers/Src/stm32f411xx_spi_driver.c:359:13:spi_ovr_err_interrupt_handle	24	static
../drivers/Src/stm32f411xx_spi_driver.c:374:6:SPI_CloseTransmisson	16	static
../drivers/Src/stm32f411xx_spi_driver.c:380:6:SPI_CloseReception	16	static
../drivers/Src/stm32f411xx_spi_driver.c:388:6:SPI_ClearOVRFlag	24	static
../drivers/Src/stm32f411xx_spi_driver.c:395:28:SPI_ApplicationEventCallback	16	static
