Archive member included to satisfy reference by file (symbol)

d:/st/stm32cubeide_1.9.0/stm32cubeide/plugins/com.st.stm32cube.ide.mcu.externaltools.gnu-tools-for-stm32.10.3-2021.10.win32_1.0.0.202111181127/tools/bin/../lib/gcc/arm-none-eabi/10.3.1/../../../../arm-none-eabi/lib/thumb/v7e-m+fp/hard\libc_nano.a(lib_a-errno.o)
                              ./Src/syscalls.o (__errno)
d:/st/stm32cubeide_1.9.0/stm32cubeide/plugins/com.st.stm32cube.ide.mcu.externaltools.gnu-tools-for-stm32.10.3-2021.10.win32_1.0.0.202111181127/tools/bin/../lib/gcc/arm-none-eabi/10.3.1/../../../../arm-none-eabi/lib/thumb/v7e-m+fp/hard\libc_nano.a(lib_a-exit.o)
                              d:/st/stm32cubeide_1.9.0/stm32cubeide/plugins/com.st.stm32cube.ide.mcu.externaltools.gnu-tools-for-stm32.10.3-2021.10.win32_1.0.0.202111181127/tools/bin/../lib/gcc/arm-none-eabi/10.3.1/../../../../arm-none-eabi/lib/thumb/v7e-m+fp/hard/crt0.o (exit)
d:/st/stm32cubeide_1.9.0/stm32cubeide/plugins/com.st.stm32cube.ide.mcu.externaltools.gnu-tools-for-stm32.10.3-2021.10.win32_1.0.0.202111181127/tools/bin/../lib/gcc/arm-none-eabi/10.3.1/../../../../arm-none-eabi/lib/thumb/v7e-m+fp/hard\libc_nano.a(lib_a-impure.o)
                              d:/st/stm32cubeide_1.9.0/stm32cubeide/plugins/com.st.stm32cube.ide.mcu.externaltools.gnu-tools-for-stm32.10.3-2021.10.win32_1.0.0.202111181127/tools/bin/../lib/gcc/arm-none-eabi/10.3.1/../../../../arm-none-eabi/lib/thumb/v7e-m+fp/hard\libc_nano.a(lib_a-exit.o) (_global_impure_ptr)
d:/st/stm32cubeide_1.9.0/stm32cubeide/plugins/com.st.stm32cube.ide.mcu.externaltools.gnu-tools-for-stm32.10.3-2021.10.win32_1.0.0.202111181127/tools/bin/../lib/gcc/arm-none-eabi/10.3.1/../../../../arm-none-eabi/lib/thumb/v7e-m+fp/hard\libc_nano.a(lib_a-init.o)
                              d:/st/stm32cubeide_1.9.0/stm32cubeide/plugins/com.st.stm32cube.ide.mcu.externaltools.gnu-tools-for-stm32.10.3-2021.10.win32_1.0.0.202111181127/tools/bin/../lib/gcc/arm-none-eabi/10.3.1/../../../../arm-none-eabi/lib/thumb/v7e-m+fp/hard/crt0.o (__libc_init_array)
d:/st/stm32cubeide_1.9.0/stm32cubeide/plugins/com.st.stm32cube.ide.mcu.externaltools.gnu-tools-for-stm32.10.3-2021.10.win32_1.0.0.202111181127/tools/bin/../lib/gcc/arm-none-eabi/10.3.1/../../../../arm-none-eabi/lib/thumb/v7e-m+fp/hard\libc_nano.a(lib_a-memset.o)
                              d:/st/stm32cubeide_1.9.0/stm32cubeide/plugins/com.st.stm32cube.ide.mcu.externaltools.gnu-tools-for-stm32.10.3-2021.10.win32_1.0.0.202111181127/tools/bin/../lib/gcc/arm-none-eabi/10.3.1/../../../../arm-none-eabi/lib/thumb/v7e-m+fp/hard/crt0.o (memset)
d:/st/stm32cubeide_1.9.0/stm32cubeide/plugins/com.st.stm32cube.ide.mcu.externaltools.gnu-tools-for-stm32.10.3-2021.10.win32_1.0.0.202111181127/tools/bin/../lib/gcc/arm-none-eabi/10.3.1/../../../../arm-none-eabi/lib/thumb/v7e-m+fp/hard\libc_nano.a(lib_a-strlen.o)
                              ./Src/007spi_txonly_arduino.o (strlen)

Discarded input sections

 .text          0x0000000000000000        0x0 d:/st/stm32cubeide_1.9.0/stm32cubeide/plugins/com.st.stm32cube.ide.mcu.externaltools.gnu-tools-for-stm32.10.3-2021.10.win32_1.0.0.202111181127/tools/bin/../lib/gcc/arm-none-eabi/10.3.1/thumb/v7e-m+fp/hard/crti.o
 .data          0x0000000000000000        0x0 d:/st/stm32cubeide_1.9.0/stm32cubeide/plugins/com.st.stm32cube.ide.mcu.externaltools.gnu-tools-for-stm32.10.3-2021.10.win32_1.0.0.202111181127/tools/bin/../lib/gcc/arm-none-eabi/10.3.1/thumb/v7e-m+fp/hard/crti.o
 .bss           0x0000000000000000        0x0 d:/st/stm32cubeide_1.9.0/stm32cubeide/plugins/com.st.stm32cube.ide.mcu.externaltools.gnu-tools-for-stm32.10.3-2021.10.win32_1.0.0.202111181127/tools/bin/../lib/gcc/arm-none-eabi/10.3.1/thumb/v7e-m+fp/hard/crti.o
 .data          0x0000000000000000        0x4 d:/st/stm32cubeide_1.9.0/stm32cubeide/plugins/com.st.stm32cube.ide.mcu.externaltools.gnu-tools-for-stm32.10.3-2021.10.win32_1.0.0.202111181127/tools/bin/../lib/gcc/arm-none-eabi/10.3.1/thumb/v7e-m+fp/hard/crtbegin.o
 .rodata        0x0000000000000000       0x24 d:/st/stm32cubeide_1.9.0/stm32cubeide/plugins/com.st.stm32cube.ide.mcu.externaltools.gnu-tools-for-stm32.10.3-2021.10.win32_1.0.0.202111181127/tools/bin/../lib/gcc/arm-none-eabi/10.3.1/thumb/v7e-m+fp/hard/crtbegin.o
 .text          0x0000000000000000       0x7c d:/st/stm32cubeide_1.9.0/stm32cubeide/plugins/com.st.stm32cube.ide.mcu.externaltools.gnu-tools-for-stm32.10.3-2021.10.win32_1.0.0.202111181127/tools/bin/../lib/gcc/arm-none-eabi/10.3.1/../../../../arm-none-eabi/lib/thumb/v7e-m+fp/hard/crt0.o
 .data          0x0000000000000000        0x0 d:/st/stm32cubeide_1.9.0/stm32cubeide/plugins/com.st.stm32cube.ide.mcu.externaltools.gnu-tools-for-stm32.10.3-2021.10.win32_1.0.0.202111181127/tools/bin/../lib/gcc/arm-none-eabi/10.3.1/../../../../arm-none-eabi/lib/thumb/v7e-m+fp/hard/crt0.o
 .bss           0x0000000000000000        0x0 d:/st/stm32cubeide_1.9.0/stm32cubeide/plugins/com.st.stm32cube.ide.mcu.externaltools.gnu-tools-for-stm32.10.3-2021.10.win32_1.0.0.202111181127/tools/bin/../lib/gcc/arm-none-eabi/10.3.1/../../../../arm-none-eabi/lib/thumb/v7e-m+fp/hard/crt0.o
 .ARM.extab     0x0000000000000000        0x0 d:/st/stm32cubeide_1.9.0/stm32cubeide/plugins/com.st.stm32cube.ide.mcu.externaltools.gnu-tools-for-stm32.10.3-2021.10.win32_1.0.0.202111181127/tools/bin/../lib/gcc/arm-none-eabi/10.3.1/../../../../arm-none-eabi/lib/thumb/v7e-m+fp/hard/crt0.o
 .ARM.exidx     0x0000000000000000       0x10 d:/st/stm32cubeide_1.9.0/stm32cubeide/plugins/com.st.stm32cube.ide.mcu.externaltools.gnu-tools-for-stm32.10.3-2021.10.win32_1.0.0.202111181127/tools/bin/../lib/gcc/arm-none-eabi/10.3.1/../../../../arm-none-eabi/lib/thumb/v7e-m+fp/hard/crt0.o
 .ARM.attributes
                0x0000000000000000       0x1c d:/st/stm32cubeide_1.9.0/stm32cubeide/plugins/com.st.stm32cube.ide.mcu.externaltools.gnu-tools-for-stm32.10.3-2021.10.win32_1.0.0.202111181127/tools/bin/../lib/gcc/arm-none-eabi/10.3.1/../../../../arm-none-eabi/lib/thumb/v7e-m+fp/hard/crt0.o
 .group         0x0000000000000000        0xc ./Src/007spi_txonly_arduino.o
 .group         0x0000000000000000        0xc ./Src/007spi_txonly_arduino.o
 .group         0x0000000000000000        0xc ./Src/007spi_txonly_arduino.o
 .group         0x0000000000000000        0xc ./Src/007spi_txonly_arduino.o
 .group         0x0000000000000000        0xc ./Src/007spi_txonly_arduino.o
 .group         0x0000000000000000        0xc ./Src/007spi_txonly_arduino.o
 .group         0x0000000000000000        0xc ./Src/007spi_txonly_arduino.o
 .group         0x0000000000000000        0xc ./Src/007spi_txonly_arduino.o
 .group         0x0000000000000000        0xc ./Src/007spi_txonly_arduino.o
 .group         0x0000000000000000        0xc ./Src/007spi_txonly_arduino.o
 .group         0x0000000000000000        0xc ./Src/007spi_txonly_arduino.o
 .group         0x0000000000000000        0xc ./Src/007spi_txonly_arduino.o
 .group         0x0000000000000000        0xc ./Src/007spi_txonly_arduino.o
 .group         0x0000000000000000        0xc ./Src/007spi_txonly_arduino.o
 .group         0x0000000000000000        0xc ./Src/007spi_txonly_arduino.o
 .group         0x0000000000000000        0xc ./Src/007spi_txonly_arduino.o
 .group         0x0000000000000000        0xc ./Src/007spi_txonly_arduino.o
 .group         0x0000000000000000        0xc ./Src/007spi_txonly_arduino.o
 .group         0x0000000000000000        0xc ./Src/007spi_txonly_arduino.o
 .group         0x0000000000000000        0xc ./Src/007spi_txonly_arduino.o
 .group         0x0000000000000000        0xc ./Src/007spi_txonly_arduino.o
 .group         0x0000000000000000        0xc ./Src/007spi_txonly_arduino.o
 .group         0x0000000000000000        0xc ./Src/007spi_txonly_arduino.o
 .group         0x0000000000000000        0xc ./Src/007spi_txonly_arduino.o
 .group         0x0000000000000000        0xc ./Src/007spi_txonly_arduino.o
 .group         0x0000000000000000        0xc ./Src/007spi_txonly_arduino.o
 .group         0x0000000000000000        0xc ./Src/007spi_txonly_arduino.o
 .group         0x0000000000000000        0xc ./Src/007spi_txonly_arduino.o
 .group         0x0000000000000000        0xc ./Src/007spi_txonly_arduino.o
 .text          0x0000000000000000        0x0 ./Src/007spi_txonly_arduino.o
 .data          0x0000000000000000        0x0 ./Src/007spi_txonly_arduino.o
 .bss           0x0000000000000000        0x0 ./Src/007spi_txonly_arduino.o
 .text.GPIO_ButtonInit
                0x0000000000000000       0x30 ./Src/007spi_txonly_arduino.o
 .group         0x0000000000000000        0xc ./Src/syscalls.o
 .group         0x0000000000000000        0xc ./Src/syscalls.o
 .group         0x0000000000000000        0xc ./Src/syscalls.o
 .group         0x0000000000000000        0xc ./Src/syscalls.o
 .group         0x0000000000000000        0xc ./Src/syscalls.o
 .group         0x0000000000000000        0xc ./Src/syscalls.o
 .group         0x0000000000000000        0xc ./Src/syscalls.o
 .group         0x0000000000000000        0xc ./Src/syscalls.o
 .group         0x0000000000000000        0xc ./Src/syscalls.o
 .group         0x0000000000000000        0xc ./Src/syscalls.o
 .group         0x0000000000000000        0xc ./Src/syscalls.o
 .group         0x0000000000000000        0xc ./Src/syscalls.o
 .group         0x0000000000000000        0xc ./Src/syscalls.o
 .group         0x0000000000000000        0xc ./Src/syscalls.o
 .group         0x0000000000000000        0xc ./Src/syscalls.o
 .group         0x0000000000000000        0xc ./Src/syscalls.o
 .group         0x0000000000000000        0xc ./Src/syscalls.o
 .group         0x0000000000000000        0xc ./Src/syscalls.o
 .group         0x0000000000000000        0xc ./Src/syscalls.o
 .group         0x0000000000000000        0xc ./Src/syscalls.o
 .group         0x0000000000000000        0xc ./Src/syscalls.o
 .group         0x0000000000000000        0xc ./Src/syscalls.o
 .group         0x0000000000000000        0xc ./Src/syscalls.o
 .group         0x0000000000000000        0xc ./Src/syscalls.o
 .group         0x0000000000000000        0xc ./Src/syscalls.o
 .group         0x0000000000000000        0xc ./Src/syscalls.o
 .group         0x0000000000000000        0xc ./Src/syscalls.o
 .group         0x0000000000000000        0xc ./Src/syscalls.o
 .group         0x0000000000000000        0xc ./Src/syscalls.o
 .group         0x0000000000000000        0xc ./Src/syscalls.o
 .group         0x0000000000000000        0xc ./Src/syscalls.o
 .group         0x0000000000000000        0xc ./Src/syscalls.o
 .group         0x0000000000000000        0xc ./Src/syscalls.o
 .group         0x0000000000000000        0xc ./Src/syscalls.o
 .group         0x0000000000000000        0xc ./Src/syscalls.o
 .group         0x0000000000000000        0xc ./Src/syscalls.o
 .group         0x0000000000000000        0xc ./Src/syscalls.o
 .group         0x0000000000000000        0xc ./Src/syscalls.o
 .group         0x0000000000000000        0xc ./Src/syscalls.o
 .group         0x0000000000000000        0xc ./Src/syscalls.o
 .group         0x0000000000000000        0xc ./Src/syscalls.o
 .group         0x0000000000000000        0xc ./Src/syscalls.o
 .group         0x0000000000000000        0xc ./Src/syscalls.o
 .group         0x0000000000000000        0xc ./Src/syscalls.o
 .group         0x0000000000000000        0xc ./Src/syscalls.o
 .group         0x0000000000000000        0xc ./Src/syscalls.o
 .group         0x0000000000000000        0xc ./Src/syscalls.o
 .text          0x0000000000000000        0x0 ./Src/syscalls.o
 .data          0x0000000000000000        0x0 ./Src/syscalls.o
 .bss           0x0000000000000000        0x0 ./Src/syscalls.o
 .bss.__env     0x0000000000000000        0x4 ./Src/syscalls.o
 .data.environ  0x0000000000000000        0x4 ./Src/syscalls.o
 .text.initialise_monitor_handles
                0x0000000000000000        0xe ./Src/syscalls.o
 .text._getpid  0x0000000000000000       0x10 ./Src/syscalls.o
 .text._kill    0x0000000000000000       0x20 ./Src/syscalls.o
 .text._exit    0x0000000000000000       0x14 ./Src/syscalls.o
 .text._read    0x0000000000000000       0x3a ./Src/syscalls.o
 .text._write   0x0000000000000000       0x38 ./Src/syscalls.o
 .text._close   0x0000000000000000       0x18 ./Src/syscalls.o
 .text._fstat   0x0000000000000000       0x20 ./Src/syscalls.o
 .text._isatty  0x0000000000000000       0x16 ./Src/syscalls.o
 .text._lseek   0x0000000000000000       0x1a ./Src/syscalls.o
 .text._open    0x0000000000000000       0x1c ./Src/syscalls.o
 .text._wait    0x0000000000000000       0x1e ./Src/syscalls.o
 .text._unlink  0x0000000000000000       0x1e ./Src/syscalls.o
 .text._times   0x0000000000000000       0x18 ./Src/syscalls.o
 .text._stat    0x0000000000000000       0x20 ./Src/syscalls.o
 .text._link    0x0000000000000000       0x20 ./Src/syscalls.o
 .text._fork    0x0000000000000000       0x16 ./Src/syscalls.o
 .text._execve  0x0000000000000000       0x22 ./Src/syscalls.o
 .debug_info    0x0000000000000000      0x6e0 ./Src/syscalls.o
 .debug_abbrev  0x0000000000000000      0x1b3 ./Src/syscalls.o
 .debug_aranges
                0x0000000000000000       0xa8 ./Src/syscalls.o
 .debug_ranges  0x0000000000000000       0x98 ./Src/syscalls.o
 .debug_macro   0x0000000000000000      0x24c ./Src/syscalls.o
 .debug_macro   0x0000000000000000      0xa7e ./Src/syscalls.o
 .debug_macro   0x0000000000000000       0x22 ./Src/syscalls.o
 .debug_macro   0x0000000000000000       0x4c ./Src/syscalls.o
 .debug_macro   0x0000000000000000       0x1e ./Src/syscalls.o
 .debug_macro   0x0000000000000000       0x94 ./Src/syscalls.o
 .debug_macro   0x0000000000000000       0x3c ./Src/syscalls.o
 .debug_macro   0x0000000000000000       0x34 ./Src/syscalls.o
 .debug_macro   0x0000000000000000       0x57 ./Src/syscalls.o
 .debug_macro   0x0000000000000000      0x174 ./Src/syscalls.o
 .debug_macro   0x0000000000000000      0x341 ./Src/syscalls.o
 .debug_macro   0x0000000000000000       0x16 ./Src/syscalls.o
 .debug_macro   0x0000000000000000       0x43 ./Src/syscalls.o
 .debug_macro   0x0000000000000000       0x34 ./Src/syscalls.o
 .debug_macro   0x0000000000000000       0x10 ./Src/syscalls.o
 .debug_macro   0x0000000000000000       0x58 ./Src/syscalls.o
 .debug_macro   0x0000000000000000       0x71 ./Src/syscalls.o
 .debug_macro   0x0000000000000000       0x1c ./Src/syscalls.o
 .debug_macro   0x0000000000000000      0x12a ./Src/syscalls.o
 .debug_macro   0x0000000000000000       0x10 ./Src/syscalls.o
 .debug_macro   0x0000000000000000       0x35 ./Src/syscalls.o
 .debug_macro   0x0000000000000000       0x10 ./Src/syscalls.o
 .debug_macro   0x0000000000000000       0x10 ./Src/syscalls.o
 .debug_macro   0x0000000000000000       0x10 ./Src/syscalls.o
 .debug_macro   0x0000000000000000       0x6a ./Src/syscalls.o
 .debug_macro   0x0000000000000000       0x1c ./Src/syscalls.o
 .debug_macro   0x0000000000000000       0x52 ./Src/syscalls.o
 .debug_macro   0x0000000000000000       0x22 ./Src/syscalls.o
 .debug_macro   0x0000000000000000       0x10 ./Src/syscalls.o
 .debug_macro   0x0000000000000000       0x52 ./Src/syscalls.o
 .debug_macro   0x0000000000000000       0xd5 ./Src/syscalls.o
 .debug_macro   0x0000000000000000       0x1c ./Src/syscalls.o
 .debug_macro   0x0000000000000000       0x3d ./Src/syscalls.o
 .debug_macro   0x0000000000000000       0x35 ./Src/syscalls.o
 .debug_macro   0x0000000000000000      0x12c ./Src/syscalls.o
 .debug_macro   0x0000000000000000       0x16 ./Src/syscalls.o
 .debug_macro   0x0000000000000000       0x16 ./Src/syscalls.o
 .debug_macro   0x0000000000000000       0x29 ./Src/syscalls.o
 .debug_macro   0x0000000000000000       0x10 ./Src/syscalls.o
 .debug_macro   0x0000000000000000      0x241 ./Src/syscalls.o
 .debug_macro   0x0000000000000000       0x1c ./Src/syscalls.o
 .debug_macro   0x0000000000000000       0x10 ./Src/syscalls.o
 .debug_macro   0x0000000000000000       0x10 ./Src/syscalls.o
 .debug_macro   0x0000000000000000       0x16 ./Src/syscalls.o
 .debug_macro   0x0000000000000000      0x145 ./Src/syscalls.o
 .debug_macro   0x0000000000000000      0x189 ./Src/syscalls.o
 .debug_macro   0x0000000000000000       0x16 ./Src/syscalls.o
 .debug_macro   0x0000000000000000       0xce ./Src/syscalls.o
 .debug_line    0x0000000000000000      0x7ea ./Src/syscalls.o
 .debug_str     0x0000000000000000     0x8a79 ./Src/syscalls.o
 .comment       0x0000000000000000       0x51 ./Src/syscalls.o
 .debug_frame   0x0000000000000000      0x2ac ./Src/syscalls.o
 .ARM.attributes
                0x0000000000000000       0x34 ./Src/syscalls.o
 .group         0x0000000000000000        0xc ./Src/sysmem.o
 .group         0x0000000000000000        0xc ./Src/sysmem.o
 .group         0x0000000000000000        0xc ./Src/sysmem.o
 .group         0x0000000000000000        0xc ./Src/sysmem.o
 .group         0x0000000000000000        0xc ./Src/sysmem.o
 .group         0x0000000000000000        0xc ./Src/sysmem.o
 .group         0x0000000000000000        0xc ./Src/sysmem.o
 .group         0x0000000000000000        0xc ./Src/sysmem.o
 .group         0x0000000000000000        0xc ./Src/sysmem.o
 .group         0x0000000000000000        0xc ./Src/sysmem.o
 .group         0x0000000000000000        0xc ./Src/sysmem.o
 .group         0x0000000000000000        0xc ./Src/sysmem.o
 .group         0x0000000000000000        0xc ./Src/sysmem.o
 .group         0x0000000000000000        0xc ./Src/sysmem.o
 .group         0x0000000000000000        0xc ./Src/sysmem.o
 .group         0x0000000000000000        0xc ./Src/sysmem.o
 .group         0x0000000000000000        0xc ./Src/sysmem.o
 .group         0x0000000000000000        0xc ./Src/sysmem.o
 .group         0x0000000000000000        0xc ./Src/sysmem.o
 .group         0x0000000000000000        0xc ./Src/sysmem.o
 .group         0x0000000000000000        0xc ./Src/sysmem.o
 .group         0x0000000000000000        0xc ./Src/sysmem.o
 .text          0x0000000000000000        0x0 ./Src/sysmem.o
 .data          0x0000000000000000        0x0 ./Src/sysmem.o
 .bss           0x0000000000000000        0x0 ./Src/sysmem.o
 .bss.__sbrk_heap_end
                0x0000000000000000        0x4 ./Src/sysmem.o
 .text._sbrk    0x0000000000000000       0x6c ./Src/sysmem.o
 .debug_info    0x0000000000000000      0x171 ./Src/sysmem.o
 .debug_abbrev  0x0000000000000000       0xbb ./Src/sysmem.o
 .debug_aranges
                0x0000000000000000       0x20 ./Src/sysmem.o
 .debug_ranges  0x0000000000000000       0x10 ./Src/sysmem.o
 .debug_macro   0x0000000000000000       0xff ./Src/sysmem.o
 .debug_macro   0x0000000000000000      0xa7e ./Src/sysmem.o
 .debug_macro   0x0000000000000000       0x10 ./Src/sysmem.o
 .debug_macro   0x0000000000000000       0x22 ./Src/sysmem.o
 .debug_macro   0x0000000000000000       0x4c ./Src/sysmem.o
 .debug_macro   0x0000000000000000       0x1e ./Src/sysmem.o
 .debug_macro   0x0000000000000000       0x94 ./Src/sysmem.o
 .debug_macro   0x0000000000000000       0x3c ./Src/sysmem.o
 .debug_macro   0x0000000000000000       0x34 ./Src/sysmem.o
 .debug_macro   0x0000000000000000      0x174 ./Src/sysmem.o
 .debug_macro   0x0000000000000000       0x16 ./Src/sysmem.o
 .debug_macro   0x0000000000000000       0x43 ./Src/sysmem.o
 .debug_macro   0x0000000000000000       0x57 ./Src/sysmem.o
 .debug_macro   0x0000000000000000       0x34 ./Src/sysmem.o
 .debug_macro   0x0000000000000000       0x10 ./Src/sysmem.o
 .debug_macro   0x0000000000000000       0x58 ./Src/sysmem.o
 .debug_macro   0x0000000000000000       0x71 ./Src/sysmem.o
 .debug_macro   0x0000000000000000       0x1c ./Src/sysmem.o
 .debug_macro   0x0000000000000000      0x12a ./Src/sysmem.o
 .debug_macro   0x0000000000000000      0x23b ./Src/sysmem.o
 .debug_macro   0x0000000000000000      0x103 ./Src/sysmem.o
 .debug_macro   0x0000000000000000       0x6a ./Src/sysmem.o
 .debug_macro   0x0000000000000000      0x1df ./Src/sysmem.o
 .debug_line    0x0000000000000000      0x4e0 ./Src/sysmem.o
 .debug_str     0x0000000000000000     0x5db5 ./Src/sysmem.o
 .comment       0x0000000000000000       0x51 ./Src/sysmem.o
 .debug_frame   0x0000000000000000       0x34 ./Src/sysmem.o
 .ARM.attributes
                0x0000000000000000       0x34 ./Src/sysmem.o
 .text          0x0000000000000000       0x14 ./Startup/startup_stm32f411vetx.o
 .data          0x0000000000000000        0x0 ./Startup/startup_stm32f411vetx.o
 .bss           0x0000000000000000        0x0 ./Startup/startup_stm32f411vetx.o
 .group         0x0000000000000000        0xc ./drivers/Src/stm32f411xx_gpio_driver.o
 .group         0x0000000000000000        0xc ./drivers/Src/stm32f411xx_gpio_driver.o
 .group         0x0000000000000000        0xc ./drivers/Src/stm32f411xx_gpio_driver.o
 .group         0x0000000000000000        0xc ./drivers/Src/stm32f411xx_gpio_driver.o
 .group         0x0000000000000000        0xc ./drivers/Src/stm32f411xx_gpio_driver.o
 .group         0x0000000000000000        0xc ./drivers/Src/stm32f411xx_gpio_driver.o
 .group         0x0000000000000000        0xc ./drivers/Src/stm32f411xx_gpio_driver.o
 .group         0x0000000000000000        0xc ./drivers/Src/stm32f411xx_gpio_driver.o
 .group         0x0000000000000000        0xc ./drivers/Src/stm32f411xx_gpio_driver.o
 .group         0x0000000000000000        0xc ./drivers/Src/stm32f411xx_gpio_driver.o
 .group         0x0000000000000000        0xc ./drivers/Src/stm32f411xx_gpio_driver.o
 .group         0x0000000000000000        0xc ./drivers/Src/stm32f411xx_gpio_driver.o
 .group         0x0000000000000000        0xc ./drivers/Src/stm32f411xx_gpio_driver.o
 .text          0x0000000000000000        0x0 ./drivers/Src/stm32f411xx_gpio_driver.o
 .data          0x0000000000000000        0x0 ./drivers/Src/stm32f411xx_gpio_driver.o
 .bss           0x0000000000000000        0x0 ./drivers/Src/stm32f411xx_gpio_driver.o
 .text.GPIO_DeInint
                0x0000000000000000       0xfc ./drivers/Src/stm32f411xx_gpio_driver.o
 .text.GPIO_ReadFromInputPort
                0x0000000000000000       0x1c ./drivers/Src/stm32f411xx_gpio_driver.o
 .text.GPIO_WriteToOutputPin
                0x0000000000000000       0x4a ./drivers/Src/stm32f411xx_gpio_driver.o
 .text.GPIO_WriteToOutputPort
                0x0000000000000000       0x1e ./drivers/Src/stm32f411xx_gpio_driver.o
 .text.GPIO_ToggleOutputPin
                0x0000000000000000       0x2a ./drivers/Src/stm32f411xx_gpio_driver.o
 .text.GPIO_IRQInterruptConfig
                0x0000000000000000      0x10c ./drivers/Src/stm32f411xx_gpio_driver.o
 .text.GPIO_IRQPriorityConfig
                0x0000000000000000       0x54 ./drivers/Src/stm32f411xx_gpio_driver.o
 .text.GPIO_IRQHandling
                0x0000000000000000       0x40 ./drivers/Src/stm32f411xx_gpio_driver.o
 .debug_macro   0x0000000000000000      0xa7e ./drivers/Src/stm32f411xx_gpio_driver.o
 .debug_macro   0x0000000000000000      0x174 ./drivers/Src/stm32f411xx_gpio_driver.o
 .debug_macro   0x0000000000000000       0x22 ./drivers/Src/stm32f411xx_gpio_driver.o
 .debug_macro   0x0000000000000000      0x103 ./drivers/Src/stm32f411xx_gpio_driver.o
 .debug_macro   0x0000000000000000       0x6a ./drivers/Src/stm32f411xx_gpio_driver.o
 .debug_macro   0x0000000000000000      0x1df ./drivers/Src/stm32f411xx_gpio_driver.o
 .debug_macro   0x0000000000000000      0x6ab ./drivers/Src/stm32f411xx_gpio_driver.o
 .debug_macro   0x0000000000000000       0xd6 ./drivers/Src/stm32f411xx_gpio_driver.o
 .debug_macro   0x0000000000000000      0x106 ./drivers/Src/stm32f411xx_gpio_driver.o
 .debug_macro   0x0000000000000000       0xc4 ./drivers/Src/stm32f411xx_gpio_driver.o
 .group         0x0000000000000000        0xc ./drivers/Src/stm32f411xx_i2c_driver.o
 .group         0x0000000000000000        0xc ./drivers/Src/stm32f411xx_i2c_driver.o
 .group         0x0000000000000000        0xc ./drivers/Src/stm32f411xx_i2c_driver.o
 .group         0x0000000000000000        0xc ./drivers/Src/stm32f411xx_i2c_driver.o
 .group         0x0000000000000000        0xc ./drivers/Src/stm32f411xx_i2c_driver.o
 .group         0x0000000000000000        0xc ./drivers/Src/stm32f411xx_i2c_driver.o
 .group         0x0000000000000000        0xc ./drivers/Src/stm32f411xx_i2c_driver.o
 .group         0x0000000000000000        0xc ./drivers/Src/stm32f411xx_i2c_driver.o
 .group         0x0000000000000000        0xc ./drivers/Src/stm32f411xx_i2c_driver.o
 .group         0x0000000000000000        0xc ./drivers/Src/stm32f411xx_i2c_driver.o
 .group         0x0000000000000000        0xc ./drivers/Src/stm32f411xx_i2c_driver.o
 .group         0x0000000000000000        0xc ./drivers/Src/stm32f411xx_i2c_driver.o
 .group         0x0000000000000000        0xc ./drivers/Src/stm32f411xx_i2c_driver.o
 .text          0x0000000000000000        0x0 ./drivers/Src/stm32f411xx_i2c_driver.o
 .data          0x0000000000000000        0x0 ./drivers/Src/stm32f411xx_i2c_driver.o
 .bss           0x0000000000000000        0x0 ./drivers/Src/stm32f411xx_i2c_driver.o
 .text.I2C_GenerateStartCondition
                0x0000000000000000       0x20 ./drivers/Src/stm32f411xx_i2c_driver.o
 .text.I2C_ExecuteAddressPhase
                0x0000000000000000       0x2c ./drivers/Src/stm32f411xx_i2c_driver.o
 .text.I2C_ClearADDRFlag
                0x0000000000000000       0x4c ./drivers/Src/stm32f411xx_i2c_driver.o
 .text.I2C_GenerateStopCondition
                0x0000000000000000       0x20 ./drivers/Src/stm32f411xx_i2c_driver.o
 .text.I2C_ExecuteAddressPhaseRead
                0x0000000000000000       0x2c ./drivers/Src/stm32f411xx_i2c_driver.o
 .text.I2C_ManageAcking
                0x0000000000000000       0x38 ./drivers/Src/stm32f411xx_i2c_driver.o
 .text.I2C_PeriClockControl
                0x0000000000000000       0xb0 ./drivers/Src/stm32f411xx_i2c_driver.o
 .text.I2C_MasterHandleTXEInterrupt
                0x0000000000000000       0x3c ./drivers/Src/stm32f411xx_i2c_driver.o
 .text.I2C_MasterHandleRXNEInterrupt
                0x0000000000000000       0x98 ./drivers/Src/stm32f411xx_i2c_driver.o
 .text.I2C_Init
                0x0000000000000000      0x158 ./drivers/Src/stm32f411xx_i2c_driver.o
 .text.I2C_DeInint
                0x0000000000000000       0x14 ./drivers/Src/stm32f411xx_i2c_driver.o
 .text.I2C_PeripheralControl
                0x0000000000000000       0x38 ./drivers/Src/stm32f411xx_i2c_driver.o
 .text.I2C_GetFlagStatus
                0x0000000000000000       0x28 ./drivers/Src/stm32f411xx_i2c_driver.o
 .text.I2C_MasterSendData
                0x0000000000000000       0xc0 ./drivers/Src/stm32f411xx_i2c_driver.o
 .text.I2C_MasterReceiveData
                0x0000000000000000      0x124 ./drivers/Src/stm32f411xx_i2c_driver.o
 .text.I2C_MasterSendDataIT
                0x0000000000000000       0x8c ./drivers/Src/stm32f411xx_i2c_driver.o
 .text.I2C_MasterReceiveDataIT
                0x0000000000000000       0x92 ./drivers/Src/stm32f411xx_i2c_driver.o
 .text.I2C_EV_IRQHandling
                0x0000000000000000      0x1e8 ./drivers/Src/stm32f411xx_i2c_driver.o
 .text.I2C_CloseReceiveData
                0x0000000000000000       0x5e ./drivers/Src/stm32f411xx_i2c_driver.o
 .text.I2C_CLoseSendData
                0x0000000000000000       0x48 ./drivers/Src/stm32f411xx_i2c_driver.o
 .text.I2C_ER_IRQHandling
                0x0000000000000000      0x10c ./drivers/Src/stm32f411xx_i2c_driver.o
 .text.I2C_SlaveSendData
                0x0000000000000000       0x1e ./drivers/Src/stm32f411xx_i2c_driver.o
 .text.I2C_SlaveReceiveData
                0x0000000000000000       0x1a ./drivers/Src/stm32f411xx_i2c_driver.o
 .debug_info    0x0000000000000000      0x9c0 ./drivers/Src/stm32f411xx_i2c_driver.o
 .debug_abbrev  0x0000000000000000      0x256 ./drivers/Src/stm32f411xx_i2c_driver.o
 .debug_aranges
                0x0000000000000000       0xd0 ./drivers/Src/stm32f411xx_i2c_driver.o
 .debug_ranges  0x0000000000000000       0xc0 ./drivers/Src/stm32f411xx_i2c_driver.o
 .debug_macro   0x0000000000000000       0xc2 ./drivers/Src/stm32f411xx_i2c_driver.o
 .debug_macro   0x0000000000000000      0xa7e ./drivers/Src/stm32f411xx_i2c_driver.o
 .debug_macro   0x0000000000000000      0x174 ./drivers/Src/stm32f411xx_i2c_driver.o
 .debug_macro   0x0000000000000000       0x22 ./drivers/Src/stm32f411xx_i2c_driver.o
 .debug_macro   0x0000000000000000       0x8e ./drivers/Src/stm32f411xx_i2c_driver.o
 .debug_macro   0x0000000000000000       0x51 ./drivers/Src/stm32f411xx_i2c_driver.o
 .debug_macro   0x0000000000000000      0x103 ./drivers/Src/stm32f411xx_i2c_driver.o
 .debug_macro   0x0000000000000000       0x6a ./drivers/Src/stm32f411xx_i2c_driver.o
 .debug_macro   0x0000000000000000      0x1df ./drivers/Src/stm32f411xx_i2c_driver.o
 .debug_macro   0x0000000000000000      0x6ab ./drivers/Src/stm32f411xx_i2c_driver.o
 .debug_macro   0x0000000000000000       0xc4 ./drivers/Src/stm32f411xx_i2c_driver.o
 .debug_macro   0x0000000000000000       0xc4 ./drivers/Src/stm32f411xx_i2c_driver.o
 .debug_macro   0x0000000000000000      0x106 ./drivers/Src/stm32f411xx_i2c_driver.o
 .debug_macro   0x0000000000000000       0xd0 ./drivers/Src/stm32f411xx_i2c_driver.o
 .debug_line    0x0000000000000000      0xc0e ./drivers/Src/stm32f411xx_i2c_driver.o
 .debug_str     0x0000000000000000     0x6a49 ./drivers/Src/stm32f411xx_i2c_driver.o
 .comment       0x0000000000000000       0x51 ./drivers/Src/stm32f411xx_i2c_driver.o
 .debug_frame   0x0000000000000000      0x380 ./drivers/Src/stm32f411xx_i2c_driver.o
 .ARM.attributes
                0x0000000000000000       0x34 ./drivers/Src/stm32f411xx_i2c_driver.o
 .group         0x0000000000000000        0xc ./drivers/Src/stm32f411xx_rcc_driver.o
 .group         0x0000000000000000        0xc ./drivers/Src/stm32f411xx_rcc_driver.o
 .group         0x0000000000000000        0xc ./drivers/Src/stm32f411xx_rcc_driver.o
 .group         0x0000000000000000        0xc ./drivers/Src/stm32f411xx_rcc_driver.o
 .group         0x0000000000000000        0xc ./drivers/Src/stm32f411xx_rcc_driver.o
 .group         0x0000000000000000        0xc ./drivers/Src/stm32f411xx_rcc_driver.o
 .group         0x0000000000000000        0xc ./drivers/Src/stm32f411xx_rcc_driver.o
 .group         0x0000000000000000        0xc ./drivers/Src/stm32f411xx_rcc_driver.o
 .group         0x0000000000000000        0xc ./drivers/Src/stm32f411xx_rcc_driver.o
 .group         0x0000000000000000        0xc ./drivers/Src/stm32f411xx_rcc_driver.o
 .group         0x0000000000000000        0xc ./drivers/Src/stm32f411xx_rcc_driver.o
 .group         0x0000000000000000        0xc ./drivers/Src/stm32f411xx_rcc_driver.o
 .group         0x0000000000000000        0xc ./drivers/Src/stm32f411xx_rcc_driver.o
 .text          0x0000000000000000        0x0 ./drivers/Src/stm32f411xx_rcc_driver.o
 .data          0x0000000000000000        0x0 ./drivers/Src/stm32f411xx_rcc_driver.o
 .bss           0x0000000000000000        0x0 ./drivers/Src/stm32f411xx_rcc_driver.o
 .data.AHB_PreScaler
                0x0000000000000000       0x10 ./drivers/Src/stm32f411xx_rcc_driver.o
 .data.APB1_PreScaler
                0x0000000000000000        0x4 ./drivers/Src/stm32f411xx_rcc_driver.o
 .text.RCC_GetPCLK1Value
                0x0000000000000000       0xb0 ./drivers/Src/stm32f411xx_rcc_driver.o
 .text.RCC_GetPCLK2Value
                0x0000000000000000       0xa0 ./drivers/Src/stm32f411xx_rcc_driver.o
 .text.RCC_GetPLLOutputClock
                0x0000000000000000       0x10 ./drivers/Src/stm32f411xx_rcc_driver.o
 .debug_info    0x0000000000000000      0x3a2 ./drivers/Src/stm32f411xx_rcc_driver.o
 .debug_abbrev  0x0000000000000000      0x111 ./drivers/Src/stm32f411xx_rcc_driver.o
 .debug_aranges
                0x0000000000000000       0x30 ./drivers/Src/stm32f411xx_rcc_driver.o
 .debug_ranges  0x0000000000000000       0x20 ./drivers/Src/stm32f411xx_rcc_driver.o
 .debug_macro   0x0000000000000000       0xbc ./drivers/Src/stm32f411xx_rcc_driver.o
 .debug_macro   0x0000000000000000      0xa7e ./drivers/Src/stm32f411xx_rcc_driver.o
 .debug_macro   0x0000000000000000      0x174 ./drivers/Src/stm32f411xx_rcc_driver.o
 .debug_macro   0x0000000000000000       0x22 ./drivers/Src/stm32f411xx_rcc_driver.o
 .debug_macro   0x0000000000000000       0x8e ./drivers/Src/stm32f411xx_rcc_driver.o
 .debug_macro   0x0000000000000000       0x51 ./drivers/Src/stm32f411xx_rcc_driver.o
 .debug_macro   0x0000000000000000      0x103 ./drivers/Src/stm32f411xx_rcc_driver.o
 .debug_macro   0x0000000000000000       0x6a ./drivers/Src/stm32f411xx_rcc_driver.o
 .debug_macro   0x0000000000000000      0x1df ./drivers/Src/stm32f411xx_rcc_driver.o
 .debug_macro   0x0000000000000000      0x6ab ./drivers/Src/stm32f411xx_rcc_driver.o
 .debug_macro   0x0000000000000000       0xc4 ./drivers/Src/stm32f411xx_rcc_driver.o
 .debug_macro   0x0000000000000000       0xc4 ./drivers/Src/stm32f411xx_rcc_driver.o
 .debug_macro   0x0000000000000000       0xd6 ./drivers/Src/stm32f411xx_rcc_driver.o
 .debug_macro   0x0000000000000000      0x106 ./drivers/Src/stm32f411xx_rcc_driver.o
 .debug_line    0x0000000000000000      0x557 ./drivers/Src/stm32f411xx_rcc_driver.o
 .debug_str     0x0000000000000000     0x6786 ./drivers/Src/stm32f411xx_rcc_driver.o
 .comment       0x0000000000000000       0x51 ./drivers/Src/stm32f411xx_rcc_driver.o
 .debug_frame   0x0000000000000000       0x7c ./drivers/Src/stm32f411xx_rcc_driver.o
 .ARM.attributes
                0x0000000000000000       0x34 ./drivers/Src/stm32f411xx_rcc_driver.o
 .group         0x0000000000000000        0xc ./drivers/Src/stm32f411xx_spi_driver.o
 .group         0x0000000000000000        0xc ./drivers/Src/stm32f411xx_spi_driver.o
 .group         0x0000000000000000        0xc ./drivers/Src/stm32f411xx_spi_driver.o
 .group         0x0000000000000000        0xc ./drivers/Src/stm32f411xx_spi_driver.o
 .group         0x0000000000000000        0xc ./drivers/Src/stm32f411xx_spi_driver.o
 .group         0x0000000000000000        0xc ./drivers/Src/stm32f411xx_spi_driver.o
 .group         0x0000000000000000        0xc ./drivers/Src/stm32f411xx_spi_driver.o
 .group         0x0000000000000000        0xc ./drivers/Src/stm32f411xx_spi_driver.o
 .group         0x0000000000000000        0xc ./drivers/Src/stm32f411xx_spi_driver.o
 .group         0x0000000000000000        0xc ./drivers/Src/stm32f411xx_spi_driver.o
 .group         0x0000000000000000        0xc ./drivers/Src/stm32f411xx_spi_driver.o
 .group         0x0000000000000000        0xc ./drivers/Src/stm32f411xx_spi_driver.o
 .group         0x0000000000000000        0xc ./drivers/Src/stm32f411xx_spi_driver.o
 .text          0x0000000000000000        0x0 ./drivers/Src/stm32f411xx_spi_driver.o
 .data          0x0000000000000000        0x0 ./drivers/Src/stm32f411xx_spi_driver.o
 .bss           0x0000000000000000        0x0 ./drivers/Src/stm32f411xx_spi_driver.o
 .text.SPI_DeInint
                0x0000000000000000       0x14 ./drivers/Src/stm32f411xx_spi_driver.o
 .text.SPI_ReceiveData
                0x0000000000000000       0x6e ./drivers/Src/stm32f411xx_spi_driver.o
 .text.SPI_SSIConfig
                0x0000000000000000       0x38 ./drivers/Src/stm32f411xx_spi_driver.o
 .text.SPI_IRQInterruptConfig
                0x0000000000000000      0x10c ./drivers/Src/stm32f411xx_spi_driver.o
 .text.SPI_IRQPriorityConfig
                0x0000000000000000       0x54 ./drivers/Src/stm32f411xx_spi_driver.o
 .text.SPI_SendDataIT
                0x0000000000000000       0x48 ./drivers/Src/stm32f411xx_spi_driver.o
 .text.SPI_ReceiveDataIT
                0x0000000000000000       0x48 ./drivers/Src/stm32f411xx_spi_driver.o
 .text.SPI_IRQHandling
                0x0000000000000000       0x9a ./drivers/Src/stm32f411xx_spi_driver.o
 .text.spi_txe_interrupt_handle
                0x0000000000000000       0x9c ./drivers/Src/stm32f411xx_spi_driver.o
 .text.spi_rxne_interrupt_handle
                0x0000000000000000       0x84 ./drivers/Src/stm32f411xx_spi_driver.o
 .text.spi_ovr_err_interrupt_handle
                0x0000000000000000       0x30 ./drivers/Src/stm32f411xx_spi_driver.o
 .text.SPI_CloseTransmisson
                0x0000000000000000       0x36 ./drivers/Src/stm32f411xx_spi_driver.o
 .text.SPI_CloseReception
                0x0000000000000000       0x36 ./drivers/Src/stm32f411xx_spi_driver.o
 .text.SPI_ClearOVRFlag
                0x0000000000000000       0x20 ./drivers/Src/stm32f411xx_spi_driver.o
 .text.SPI_ApplicationEventCallback
                0x0000000000000000       0x18 ./drivers/Src/stm32f411xx_spi_driver.o
 .debug_macro   0x0000000000000000      0xa7e ./drivers/Src/stm32f411xx_spi_driver.o
 .debug_macro   0x0000000000000000      0x174 ./drivers/Src/stm32f411xx_spi_driver.o
 .debug_macro   0x0000000000000000       0x22 ./drivers/Src/stm32f411xx_spi_driver.o
 .debug_macro   0x0000000000000000       0x8e ./drivers/Src/stm32f411xx_spi_driver.o
 .debug_macro   0x0000000000000000       0x51 ./drivers/Src/stm32f411xx_spi_driver.o
 .debug_macro   0x0000000000000000      0x103 ./drivers/Src/stm32f411xx_spi_driver.o
 .debug_macro   0x0000000000000000       0x6a ./drivers/Src/stm32f411xx_spi_driver.o
 .debug_macro   0x0000000000000000      0x1df ./drivers/Src/stm32f411xx_spi_driver.o
 .debug_macro   0x0000000000000000      0x6ab ./drivers/Src/stm32f411xx_spi_driver.o
 .debug_macro   0x0000000000000000       0xc4 ./drivers/Src/stm32f411xx_spi_driver.o
 .debug_macro   0x0000000000000000       0xd6 ./drivers/Src/stm32f411xx_spi_driver.o
 .debug_macro   0x0000000000000000      0x106 ./drivers/Src/stm32f411xx_spi_driver.o
 .debug_macro   0x0000000000000000       0xbe ./drivers/Src/stm32f411xx_spi_driver.o
 .group         0x0000000000000000        0xc ./drivers/Src/stm32f411xx_usart_driver.o
 .group         0x0000000000000000        0xc ./drivers/Src/stm32f411xx_usart_driver.o
 .group         0x0000000000000000        0xc ./drivers/Src/stm32f411xx_usart_driver.o
 .group         0x0000000000000000        0xc ./drivers/Src/stm32f411xx_usart_driver.o
 .group         0x0000000000000000        0xc ./drivers/Src/stm32f411xx_usart_driver.o
 .group         0x0000000000000000        0xc ./drivers/Src/stm32f411xx_usart_driver.o
 .group         0x0000000000000000        0xc ./drivers/Src/stm32f411xx_usart_driver.o
 .group         0x0000000000000000        0xc ./drivers/Src/stm32f411xx_usart_driver.o
 .group         0x0000000000000000        0xc ./drivers/Src/stm32f411xx_usart_driver.o
 .group         0x0000000000000000        0xc ./drivers/Src/stm32f411xx_usart_driver.o
 .group         0x0000000000000000        0xc ./drivers/Src/stm32f411xx_usart_driver.o
 .group         0x0000000000000000        0xc ./drivers/Src/stm32f411xx_usart_driver.o
 .group         0x0000000000000000        0xc ./drivers/Src/stm32f411xx_usart_driver.o
 .text          0x0000000000000000        0x0 ./drivers/Src/stm32f411xx_usart_driver.o
 .data          0x0000000000000000        0x0 ./drivers/Src/stm32f411xx_usart_driver.o
 .bss           0x0000000000000000        0x0 ./drivers/Src/stm32f411xx_usart_driver.o
 .text.USART_PeriClockControl
                0x0000000000000000       0xb0 ./drivers/Src/stm32f411xx_usart_driver.o
 .text.USART_Init
                0x0000000000000000       0xfe ./drivers/Src/stm32f411xx_usart_driver.o
 .text.USART_SendData
                0x0000000000000000       0x9c ./drivers/Src/stm32f411xx_usart_driver.o
 .text.USART_ReceiveData
                0x0000000000000000       0xb0 ./drivers/Src/stm32f411xx_usart_driver.o
 .text.USART_SendDataIT
                0x0000000000000000       0x5c ./drivers/Src/stm32f411xx_usart_driver.o
 .text.USART_ReceiveDataIT
                0x0000000000000000       0x52 ./drivers/Src/stm32f411xx_usart_driver.o
 .text.USART_SetBaudRate
                0x0000000000000000       0xe4 ./drivers/Src/stm32f411xx_usart_driver.o
 .text.USART_ClearFlag
                0x0000000000000000       0x26 ./drivers/Src/stm32f411xx_usart_driver.o
 .text.USART_IRQInterruptConfig
                0x0000000000000000      0x10c ./drivers/Src/stm32f411xx_usart_driver.o
 .text.USART_IRQPriorityConfig
                0x0000000000000000       0x54 ./drivers/Src/stm32f411xx_usart_driver.o
 .text.USART_IRQHandling
                0x0000000000000000      0x344 ./drivers/Src/stm32f411xx_usart_driver.o
 .text.USART_ApplicationEventCallback
                0x0000000000000000       0x18 ./drivers/Src/stm32f411xx_usart_driver.o
 .debug_info    0x0000000000000000      0x7dc ./drivers/Src/stm32f411xx_usart_driver.o
 .debug_abbrev  0x0000000000000000      0x1ec ./drivers/Src/stm32f411xx_usart_driver.o
 .debug_aranges
                0x0000000000000000       0x78 ./drivers/Src/stm32f411xx_usart_driver.o
 .debug_ranges  0x0000000000000000       0x68 ./drivers/Src/stm32f411xx_usart_driver.o
 .debug_macro   0x0000000000000000       0xc2 ./drivers/Src/stm32f411xx_usart_driver.o
 .debug_macro   0x0000000000000000      0xa7e ./drivers/Src/stm32f411xx_usart_driver.o
 .debug_macro   0x0000000000000000      0x174 ./drivers/Src/stm32f411xx_usart_driver.o
 .debug_macro   0x0000000000000000       0x22 ./drivers/Src/stm32f411xx_usart_driver.o
 .debug_macro   0x0000000000000000       0x8e ./drivers/Src/stm32f411xx_usart_driver.o
 .debug_macro   0x0000000000000000       0x51 ./drivers/Src/stm32f411xx_usart_driver.o
 .debug_macro   0x0000000000000000      0x103 ./drivers/Src/stm32f411xx_usart_driver.o
 .debug_macro   0x0000000000000000       0x6a ./drivers/Src/stm32f411xx_usart_driver.o
 .debug_macro   0x0000000000000000      0x1df ./drivers/Src/stm32f411xx_usart_driver.o
 .debug_macro   0x0000000000000000      0x6ab ./drivers/Src/stm32f411xx_usart_driver.o
 .debug_macro   0x0000000000000000       0xc4 ./drivers/Src/stm32f411xx_usart_driver.o
 .debug_macro   0x0000000000000000       0xc4 ./drivers/Src/stm32f411xx_usart_driver.o
 .debug_macro   0x0000000000000000       0xd6 ./drivers/Src/stm32f411xx_usart_driver.o
 .debug_macro   0x0000000000000000      0x100 ./drivers/Src/stm32f411xx_usart_driver.o
 .debug_line    0x0000000000000000      0xa7a ./drivers/Src/stm32f411xx_usart_driver.o
 .debug_str     0x0000000000000000     0x69a3 ./drivers/Src/stm32f411xx_usart_driver.o
 .comment       0x0000000000000000       0x51 ./drivers/Src/stm32f411xx_usart_driver.o
 .debug_frame   0x0000000000000000      0x1e0 ./drivers/Src/stm32f411xx_usart_driver.o
 .ARM.attributes
                0x0000000000000000       0x34 ./drivers/Src/stm32f411xx_usart_driver.o
 .text          0x0000000000000000        0x0 d:/st/stm32cubeide_1.9.0/stm32cubeide/plugins/com.st.stm32cube.ide.mcu.externaltools.gnu-tools-for-stm32.10.3-2021.10.win32_1.0.0.202111181127/tools/bin/../lib/gcc/arm-none-eabi/10.3.1/../../../../arm-none-eabi/lib/thumb/v7e-m+fp/hard\libc_nano.a(lib_a-errno.o)
 .data          0x0000000000000000        0x0 d:/st/stm32cubeide_1.9.0/stm32cubeide/plugins/com.st.stm32cube.ide.mcu.externaltools.gnu-tools-for-stm32.10.3-2021.10.win32_1.0.0.202111181127/tools/bin/../lib/gcc/arm-none-eabi/10.3.1/../../../../arm-none-eabi/lib/thumb/v7e-m+fp/hard\libc_nano.a(lib_a-errno.o)
 .bss           0x0000000000000000        0x0 d:/st/stm32cubeide_1.9.0/stm32cubeide/plugins/com.st.stm32cube.ide.mcu.externaltools.gnu-tools-for-stm32.10.3-2021.10.win32_1.0.0.202111181127/tools/bin/../lib/gcc/arm-none-eabi/10.3.1/../../../../arm-none-eabi/lib/thumb/v7e-m+fp/hard\libc_nano.a(lib_a-errno.o)
 .text.__errno  0x0000000000000000        0xc d:/st/stm32cubeide_1.9.0/stm32cubeide/plugins/com.st.stm32cube.ide.mcu.externaltools.gnu-tools-for-stm32.10.3-2021.10.win32_1.0.0.202111181127/tools/bin/../lib/gcc/arm-none-eabi/10.3.1/../../../../arm-none-eabi/lib/thumb/v7e-m+fp/hard\libc_nano.a(lib_a-errno.o)
 .debug_frame   0x0000000000000000       0x20 d:/st/stm32cubeide_1.9.0/stm32cubeide/plugins/com.st.stm32cube.ide.mcu.externaltools.gnu-tools-for-stm32.10.3-2021.10.win32_1.0.0.202111181127/tools/bin/../lib/gcc/arm-none-eabi/10.3.1/../../../../arm-none-eabi/lib/thumb/v7e-m+fp/hard\libc_nano.a(lib_a-errno.o)
 .ARM.attributes
                0x0000000000000000       0x34 d:/st/stm32cubeide_1.9.0/stm32cubeide/plugins/com.st.stm32cube.ide.mcu.externaltools.gnu-tools-for-stm32.10.3-2021.10.win32_1.0.0.202111181127/tools/bin/../lib/gcc/arm-none-eabi/10.3.1/../../../../arm-none-eabi/lib/thumb/v7e-m+fp/hard\libc_nano.a(lib_a-errno.o)
 .text          0x0000000000000000        0x0 d:/st/stm32cubeide_1.9.0/stm32cubeide/plugins/com.st.stm32cube.ide.mcu.externaltools.gnu-tools-for-stm32.10.3-2021.10.win32_1.0.0.202111181127/tools/bin/../lib/gcc/arm-none-eabi/10.3.1/../../../../arm-none-eabi/lib/thumb/v7e-m+fp/hard\libc_nano.a(lib_a-exit.o)
 .data          0x0000000000000000        0x0 d:/st/stm32cubeide_1.9.0/stm32cubeide/plugins/com.st.stm32cube.ide.mcu.externaltools.gnu-tools-for-stm32.10.3-2021.10.win32_1.0.0.202111181127/tools/bin/../lib/gcc/arm-none-eabi/10.3.1/../../../../arm-none-eabi/lib/thumb/v7e-m+fp/hard\libc_nano.a(lib_a-exit.o)
 .bss           0x0000000000000000        0x0 d:/st/stm32cubeide_1.9.0/stm32cubeide/plugins/com.st.stm32cube.ide.mcu.externaltools.gnu-tools-for-stm32.10.3-2021.10.win32_1.0.0.202111181127/tools/bin/../lib/gcc/arm-none-eabi/10.3.1/../../../../arm-none-eabi/lib/thumb/v7e-m+fp/hard\libc_nano.a(lib_a-exit.o)
 .text.exit     0x0000000000000000       0x28 d:/st/stm32cubeide_1.9.0/stm32cubeide/plugins/com.st.stm32cube.ide.mcu.externaltools.gnu-tools-for-stm32.10.3-2021.10.win32_1.0.0.202111181127/tools/bin/../lib/gcc/arm-none-eabi/10.3.1/../../../../arm-none-eabi/lib/thumb/v7e-m+fp/hard\libc_nano.a(lib_a-exit.o)
 .debug_frame   0x0000000000000000       0x28 d:/st/stm32cubeide_1.9.0/stm32cubeide/plugins/com.st.stm32cube.ide.mcu.externaltools.gnu-tools-for-stm32.10.3-2021.10.win32_1.0.0.202111181127/tools/bin/../lib/gcc/arm-none-eabi/10.3.1/../../../../arm-none-eabi/lib/thumb/v7e-m+fp/hard\libc_nano.a(lib_a-exit.o)
 .ARM.attributes
                0x0000000000000000       0x34 d:/st/stm32cubeide_1.9.0/stm32cubeide/plugins/com.st.stm32cube.ide.mcu.externaltools.gnu-tools-for-stm32.10.3-2021.10.win32_1.0.0.202111181127/tools/bin/../lib/gcc/arm-none-eabi/10.3.1/../../../../arm-none-eabi/lib/thumb/v7e-m+fp/hard\libc_nano.a(lib_a-exit.o)
 .text          0x0000000000000000        0x0 d:/st/stm32cubeide_1.9.0/stm32cubeide/plugins/com.st.stm32cube.ide.mcu.externaltools.gnu-tools-for-stm32.10.3-2021.10.win32_1.0.0.202111181127/tools/bin/../lib/gcc/arm-none-eabi/10.3.1/../../../../arm-none-eabi/lib/thumb/v7e-m+fp/hard\libc_nano.a(lib_a-impure.o)
 .data          0x0000000000000000        0x0 d:/st/stm32cubeide_1.9.0/stm32cubeide/plugins/com.st.stm32cube.ide.mcu.externaltools.gnu-tools-for-stm32.10.3-2021.10.win32_1.0.0.202111181127/tools/bin/../lib/gcc/arm-none-eabi/10.3.1/../../../../arm-none-eabi/lib/thumb/v7e-m+fp/hard\libc_nano.a(lib_a-impure.o)
 .bss           0x0000000000000000        0x0 d:/st/stm32cubeide_1.9.0/stm32cubeide/plugins/com.st.stm32cube.ide.mcu.externaltools.gnu-tools-for-stm32.10.3-2021.10.win32_1.0.0.202111181127/tools/bin/../lib/gcc/arm-none-eabi/10.3.1/../../../../arm-none-eabi/lib/thumb/v7e-m+fp/hard\libc_nano.a(lib_a-impure.o)
 .data._impure_ptr
                0x0000000000000000        0x4 d:/st/stm32cubeide_1.9.0/stm32cubeide/plugins/com.st.stm32cube.ide.mcu.externaltools.gnu-tools-for-stm32.10.3-2021.10.win32_1.0.0.202111181127/tools/bin/../lib/gcc/arm-none-eabi/10.3.1/../../../../arm-none-eabi/lib/thumb/v7e-m+fp/hard\libc_nano.a(lib_a-impure.o)
 .data.impure_data
                0x0000000000000000       0x60 d:/st/stm32cubeide_1.9.0/stm32cubeide/plugins/com.st.stm32cube.ide.mcu.externaltools.gnu-tools-for-stm32.10.3-2021.10.win32_1.0.0.202111181127/tools/bin/../lib/gcc/arm-none-eabi/10.3.1/../../../../arm-none-eabi/lib/thumb/v7e-m+fp/hard\libc_nano.a(lib_a-impure.o)
 .rodata._global_impure_ptr
                0x0000000000000000        0x4 d:/st/stm32cubeide_1.9.0/stm32cubeide/plugins/com.st.stm32cube.ide.mcu.externaltools.gnu-tools-for-stm32.10.3-2021.10.win32_1.0.0.202111181127/tools/bin/../lib/gcc/arm-none-eabi/10.3.1/../../../../arm-none-eabi/lib/thumb/v7e-m+fp/hard\libc_nano.a(lib_a-impure.o)
 .ARM.attributes
                0x0000000000000000       0x34 d:/st/stm32cubeide_1.9.0/stm32cubeide/plugins/com.st.stm32cube.ide.mcu.externaltools.gnu-tools-for-stm32.10.3-2021.10.win32_1.0.0.202111181127/tools/bin/../lib/gcc/arm-none-eabi/10.3.1/../../../../arm-none-eabi/lib/thumb/v7e-m+fp/hard\libc_nano.a(lib_a-impure.o)
 .text          0x0000000000000000        0x0 d:/st/stm32cubeide_1.9.0/stm32cubeide/plugins/com.st.stm32cube.ide.mcu.externaltools.gnu-tools-for-stm32.10.3-2021.10.win32_1.0.0.202111181127/tools/bin/../lib/gcc/arm-none-eabi/10.3.1/../../../../arm-none-eabi/lib/thumb/v7e-m+fp/hard\libc_nano.a(lib_a-init.o)
 .data          0x0000000000000000        0x0 d:/st/stm32cubeide_1.9.0/stm32cubeide/plugins/com.st.stm32cube.ide.mcu.externaltools.gnu-tools-for-stm32.10.3-2021.10.win32_1.0.0.202111181127/tools/bin/../lib/gcc/arm-none-eabi/10.3.1/../../../../arm-none-eabi/lib/thumb/v7e-m+fp/hard\libc_nano.a(lib_a-init.o)
 .bss           0x0000000000000000        0x0 d:/st/stm32cubeide_1.9.0/stm32cubeide/plugins/com.st.stm32cube.ide.mcu.externaltools.gnu-tools-for-stm32.10.3-2021.10.win32_1.0.0.202111181127/tools/bin/../lib/gcc/arm-none-eabi/10.3.1/../../../../arm-none-eabi/lib/thumb/v7e-m+fp/hard\libc_nano.a(lib_a-init.o)
 .text          0x0000000000000000        0x0 d:/st/stm32cubeide_1.9.0/stm32cubeide/plugins/com.st.stm32cube.ide.mcu.externaltools.gnu-tools-for-stm32.10.3-2021.10.win32_1.0.0.202111181127/tools/bin/../lib/gcc/arm-none-eabi/10.3.1/../../../../arm-none-eabi/lib/thumb/v7e-m+fp/hard\libc_nano.a(lib_a-memset.o)
 .data          0x0000000000000000        0x0 d:/st/stm32cubeide_1.9.0/stm32cubeide/plugins/com.st.stm32cube.ide.mcu.externaltools.gnu-tools-for-stm32.10.3-2021.10.win32_1.0.0.202111181127/tools/bin/../lib/gcc/arm-none-eabi/10.3.1/../../../../arm-none-eabi/lib/thumb/v7e-m+fp/hard\libc_nano.a(lib_a-memset.o)
 .bss           0x0000000000000000        0x0 d:/st/stm32cubeide_1.9.0/stm32cubeide/plugins/com.st.stm32cube.ide.mcu.externaltools.gnu-tools-for-stm32.10.3-2021.10.win32_1.0.0.202111181127/tools/bin/../lib/gcc/arm-none-eabi/10.3.1/../../../../arm-none-eabi/lib/thumb/v7e-m+fp/hard\libc_nano.a(lib_a-memset.o)
 .text.memset   0x0000000000000000       0x10 d:/st/stm32cubeide_1.9.0/stm32cubeide/plugins/com.st.stm32cube.ide.mcu.externaltools.gnu-tools-for-stm32.10.3-2021.10.win32_1.0.0.202111181127/tools/bin/../lib/gcc/arm-none-eabi/10.3.1/../../../../arm-none-eabi/lib/thumb/v7e-m+fp/hard\libc_nano.a(lib_a-memset.o)
 .debug_frame   0x0000000000000000       0x20 d:/st/stm32cubeide_1.9.0/stm32cubeide/plugins/com.st.stm32cube.ide.mcu.externaltools.gnu-tools-for-stm32.10.3-2021.10.win32_1.0.0.202111181127/tools/bin/../lib/gcc/arm-none-eabi/10.3.1/../../../../arm-none-eabi/lib/thumb/v7e-m+fp/hard\libc_nano.a(lib_a-memset.o)
 .ARM.attributes
                0x0000000000000000       0x34 d:/st/stm32cubeide_1.9.0/stm32cubeide/plugins/com.st.stm32cube.ide.mcu.externaltools.gnu-tools-for-stm32.10.3-2021.10.win32_1.0.0.202111181127/tools/bin/../lib/gcc/arm-none-eabi/10.3.1/../../../../arm-none-eabi/lib/thumb/v7e-m+fp/hard\libc_nano.a(lib_a-memset.o)
 .data          0x0000000000000000        0x0 d:/st/stm32cubeide_1.9.0/stm32cubeide/plugins/com.st.stm32cube.ide.mcu.externaltools.gnu-tools-for-stm32.10.3-2021.10.win32_1.0.0.202111181127/tools/bin/../lib/gcc/arm-none-eabi/10.3.1/../../../../arm-none-eabi/lib/thumb/v7e-m+fp/hard\libc_nano.a(lib_a-strlen.o)
 .bss           0x0000000000000000        0x0 d:/st/stm32cubeide_1.9.0/stm32cubeide/plugins/com.st.stm32cube.ide.mcu.externaltools.gnu-tools-for-stm32.10.3-2021.10.win32_1.0.0.202111181127/tools/bin/../lib/gcc/arm-none-eabi/10.3.1/../../../../arm-none-eabi/lib/thumb/v7e-m+fp/hard\libc_nano.a(lib_a-strlen.o)
 .text          0x0000000000000000        0x0 d:/st/stm32cubeide_1.9.0/stm32cubeide/plugins/com.st.stm32cube.ide.mcu.externaltools.gnu-tools-for-stm32.10.3-2021.10.win32_1.0.0.202111181127/tools/bin/../lib/gcc/arm-none-eabi/10.3.1/thumb/v7e-m+fp/hard/crtend.o
 .data          0x0000000000000000        0x0 d:/st/stm32cubeide_1.9.0/stm32cubeide/plugins/com.st.stm32cube.ide.mcu.externaltools.gnu-tools-for-stm32.10.3-2021.10.win32_1.0.0.202111181127/tools/bin/../lib/gcc/arm-none-eabi/10.3.1/thumb/v7e-m+fp/hard/crtend.o
 .bss           0x0000000000000000        0x0 d:/st/stm32cubeide_1.9.0/stm32cubeide/plugins/com.st.stm32cube.ide.mcu.externaltools.gnu-tools-for-stm32.10.3-2021.10.win32_1.0.0.202111181127/tools/bin/../lib/gcc/arm-none-eabi/10.3.1/thumb/v7e-m+fp/hard/crtend.o
 .rodata        0x0000000000000000       0x24 d:/st/stm32cubeide_1.9.0/stm32cubeide/plugins/com.st.stm32cube.ide.mcu.externaltools.gnu-tools-for-stm32.10.3-2021.10.win32_1.0.0.202111181127/tools/bin/../lib/gcc/arm-none-eabi/10.3.1/thumb/v7e-m+fp/hard/crtend.o
 .eh_frame      0x0000000000000000        0x4 d:/st/stm32cubeide_1.9.0/stm32cubeide/plugins/com.st.stm32cube.ide.mcu.externaltools.gnu-tools-for-stm32.10.3-2021.10.win32_1.0.0.202111181127/tools/bin/../lib/gcc/arm-none-eabi/10.3.1/thumb/v7e-m+fp/hard/crtend.o
 .ARM.attributes
                0x0000000000000000       0x34 d:/st/stm32cubeide_1.9.0/stm32cubeide/plugins/com.st.stm32cube.ide.mcu.externaltools.gnu-tools-for-stm32.10.3-2021.10.win32_1.0.0.202111181127/tools/bin/../lib/gcc/arm-none-eabi/10.3.1/thumb/v7e-m+fp/hard/crtend.o
 .text          0x0000000000000000        0x0 d:/st/stm32cubeide_1.9.0/stm32cubeide/plugins/com.st.stm32cube.ide.mcu.externaltools.gnu-tools-for-stm32.10.3-2021.10.win32_1.0.0.202111181127/tools/bin/../lib/gcc/arm-none-eabi/10.3.1/thumb/v7e-m+fp/hard/crtn.o
 .data          0x0000000000000000        0x0 d:/st/stm32cubeide_1.9.0/stm32cubeide/plugins/com.st.stm32cube.ide.mcu.externaltools.gnu-tools-for-stm32.10.3-2021.10.win32_1.0.0.202111181127/tools/bin/../lib/gcc/arm-none-eabi/10.3.1/thumb/v7e-m+fp/hard/crtn.o
 .bss           0x0000000000000000        0x0 d:/st/stm32cubeide_1.9.0/stm32cubeide/plugins/com.st.stm32cube.ide.mcu.externaltools.gnu-tools-for-stm32.10.3-2021.10.win32_1.0.0.202111181127/tools/bin/../lib/gcc/arm-none-eabi/10.3.1/thumb/v7e-m+fp/hard/crtn.o

Memory Configuration

Name             Origin             Length             Attributes
RAM              0x0000000020000000 0x0000000000020000 xrw
FLASH            0x0000000008000000 0x0000000000080000 xr
*default*        0x0000000000000000 0xffffffffffffffff

Linker script and memory map

LOAD d:/st/stm32cubeide_1.9.0/stm32cubeide/plugins/com.st.stm32cube.ide.mcu.externaltools.gnu-tools-for-stm32.10.3-2021.10.win32_1.0.0.202111181127/tools/bin/../lib/gcc/arm-none-eabi/10.3.1/thumb/v7e-m+fp/hard/crti.o
LOAD d:/st/stm32cubeide_1.9.0/stm32cubeide/plugins/com.st.stm32cube.ide.mcu.externaltools.gnu-tools-for-stm32.10.3-2021.10.win32_1.0.0.202111181127/tools/bin/../lib/gcc/arm-none-eabi/10.3.1/thumb/v7e-m+fp/hard/crtbegin.o
LOAD d:/st/stm32cubeide_1.9.0/stm32cubeide/plugins/com.st.stm32cube.ide.mcu.externaltools.gnu-tools-for-stm32.10.3-2021.10.win32_1.0.0.202111181127/tools/bin/../lib/gcc/arm-none-eabi/10.3.1/../../../../arm-none-eabi/lib/thumb/v7e-m+fp/hard/crt0.o
LOAD ./Src/007spi_txonly_arduino.o
LOAD ./Src/syscalls.o
LOAD ./Src/sysmem.o
LOAD ./Startup/startup_stm32f411vetx.o
LOAD ./drivers/Src/stm32f411xx_gpio_driver.o
LOAD ./drivers/Src/stm32f411xx_i2c_driver.o
LOAD ./drivers/Src/stm32f411xx_rcc_driver.o
LOAD ./drivers/Src/stm32f411xx_spi_driver.o
LOAD ./drivers/Src/stm32f411xx_usart_driver.o
START GROUP
LOAD d:/st/stm32cubeide_1.9.0/stm32cubeide/plugins/com.st.stm32cube.ide.mcu.externaltools.gnu-tools-for-stm32.10.3-2021.10.win32_1.0.0.202111181127/tools/bin/../lib/gcc/arm-none-eabi/10.3.1/../../../../arm-none-eabi/lib/thumb/v7e-m+fp/hard\libc_nano.a
LOAD d:/st/stm32cubeide_1.9.0/stm32cubeide/plugins/com.st.stm32cube.ide.mcu.externaltools.gnu-tools-for-stm32.10.3-2021.10.win32_1.0.0.202111181127/tools/bin/../lib/gcc/arm-none-eabi/10.3.1/../../../../arm-none-eabi/lib/thumb/v7e-m+fp/hard\libm.a
END GROUP
START GROUP
LOAD d:/st/stm32cubeide_1.9.0/stm32cubeide/plugins/com.st.stm32cube.ide.mcu.externaltools.gnu-tools-for-stm32.10.3-2021.10.win32_1.0.0.202111181127/tools/bin/../lib/gcc/arm-none-eabi/10.3.1/thumb/v7e-m+fp/hard\libgcc.a
LOAD d:/st/stm32cubeide_1.9.0/stm32cubeide/plugins/com.st.stm32cube.ide.mcu.externaltools.gnu-tools-for-stm32.10.3-2021.10.win32_1.0.0.202111181127/tools/bin/../lib/gcc/arm-none-eabi/10.3.1/../../../../arm-none-eabi/lib/thumb/v7e-m+fp/hard\libc_nano.a
END GROUP
START GROUP
LOAD d:/st/stm32cubeide_1.9.0/stm32cubeide/plugins/com.st.stm32cube.ide.mcu.externaltools.gnu-tools-for-stm32.10.3-2021.10.win32_1.0.0.202111181127/tools/bin/../lib/gcc/arm-none-eabi/10.3.1/thumb/v7e-m+fp/hard\libgcc.a
LOAD d:/st/stm32cubeide_1.9.0/stm32cubeide/plugins/com.st.stm32cube.ide.mcu.externaltools.gnu-tools-for-stm32.10.3-2021.10.win32_1.0.0.202111181127/tools/bin/../lib/gcc/arm-none-eabi/10.3.1/../../../../arm-none-eabi/lib/thumb/v7e-m+fp/hard\libc_nano.a
LOAD d:/st/stm32cubeide_1.9.0/stm32cubeide/plugins/com.st.stm32cube.ide.mcu.externaltools.gnu-tools-for-stm32.10.3-2021.10.win32_1.0.0.202111181127/tools/bin/../lib/gcc/arm-none-eabi/10.3.1/../../../../arm-none-eabi/lib/thumb/v7e-m+fp/hard\libnosys.a
END GROUP
START GROUP
LOAD d:/st/stm32cubeide_1.9.0/stm32cubeide/plugins/com.st.stm32cube.ide.mcu.externaltools.gnu-tools-for-stm32.10.3-2021.10.win32_1.0.0.202111181127/tools/bin/../lib/gcc/arm-none-eabi/10.3.1/thumb/v7e-m+fp/hard\libgcc.a
LOAD d:/st/stm32cubeide_1.9.0/stm32cubeide/plugins/com.st.stm32cube.ide.mcu.externaltools.gnu-tools-for-stm32.10.3-2021.10.win32_1.0.0.202111181127/tools/bin/../lib/gcc/arm-none-eabi/10.3.1/../../../../arm-none-eabi/lib/thumb/v7e-m+fp/hard\libc_nano.a
LOAD d:/st/stm32cubeide_1.9.0/stm32cubeide/plugins/com.st.stm32cube.ide.mcu.externaltools.gnu-tools-for-stm32.10.3-2021.10.win32_1.0.0.202111181127/tools/bin/../lib/gcc/arm-none-eabi/10.3.1/../../../../arm-none-eabi/lib/thumb/v7e-m+fp/hard\libnosys.a
END GROUP
LOAD d:/st/stm32cubeide_1.9.0/stm32cubeide/plugins/com.st.stm32cube.ide.mcu.externaltools.gnu-tools-for-stm32.10.3-2021.10.win32_1.0.0.202111181127/tools/bin/../lib/gcc/arm-none-eabi/10.3.1/thumb/v7e-m+fp/hard/crtend.o
LOAD d:/st/stm32cubeide_1.9.0/stm32cubeide/plugins/com.st.stm32cube.ide.mcu.externaltools.gnu-tools-for-stm32.10.3-2021.10.win32_1.0.0.202111181127/tools/bin/../lib/gcc/arm-none-eabi/10.3.1/thumb/v7e-m+fp/hard/crtn.o
                0x0000000020020000                _estack = (ORIGIN (RAM) + LENGTH (RAM))
                0x0000000000000200                _Min_Heap_Size = 0x200
                0x0000000000000400                _Min_Stack_Size = 0x400

.isr_vector     0x0000000008000000      0x198
                0x0000000008000000                . = ALIGN (0x4)
 *(.isr_vector)
 .isr_vector    0x0000000008000000      0x198 ./Startup/startup_stm32f411vetx.o
                0x0000000008000000                g_pfnVectors
                0x0000000008000198                . = ALIGN (0x4)

.text           0x0000000008000198      0x914
                0x0000000008000198                . = ALIGN (0x4)
 *(.text)
 .text          0x0000000008000198       0x40 d:/st/stm32cubeide_1.9.0/stm32cubeide/plugins/com.st.stm32cube.ide.mcu.externaltools.gnu-tools-for-stm32.10.3-2021.10.win32_1.0.0.202111181127/tools/bin/../lib/gcc/arm-none-eabi/10.3.1/thumb/v7e-m+fp/hard/crtbegin.o
 .text          0x00000000080001d8       0x10 d:/st/stm32cubeide_1.9.0/stm32cubeide/plugins/com.st.stm32cube.ide.mcu.externaltools.gnu-tools-for-stm32.10.3-2021.10.win32_1.0.0.202111181127/tools/bin/../lib/gcc/arm-none-eabi/10.3.1/../../../../arm-none-eabi/lib/thumb/v7e-m+fp/hard\libc_nano.a(lib_a-strlen.o)
                0x00000000080001d8                strlen
 *(.text*)
 .text.SPI2_GPIOInits
                0x00000000080001e8       0x40 ./Src/007spi_txonly_arduino.o
                0x00000000080001e8                SPI2_GPIOInits
 .text.SPI2_Inits
                0x0000000008000228       0x3c ./Src/007spi_txonly_arduino.o
                0x0000000008000228                SPI2_Inits
 .text.delay    0x0000000008000264       0x2c ./Src/007spi_txonly_arduino.o
                0x0000000008000264                delay
 .text.main     0x0000000008000290       0x90 ./Src/007spi_txonly_arduino.o
                0x0000000008000290                main
 .text.Reset_Handler
                0x0000000008000320       0x54 ./Startup/startup_stm32f411vetx.o
                0x0000000008000320                Reset_Handler
 .text.Default_Handler
                0x0000000008000374        0x2 ./Startup/startup_stm32f411vetx.o
                0x0000000008000374                RTC_Alarm_IRQHandler
                0x0000000008000374                EXTI2_IRQHandler
                0x0000000008000374                DebugMon_Handler
                0x0000000008000374                SPI4_IRQHandler
                0x0000000008000374                TIM1_CC_IRQHandler
                0x0000000008000374                DMA2_Stream5_IRQHandler
                0x0000000008000374                HardFault_Handler
                0x0000000008000374                DMA1_Stream5_IRQHandler
                0x0000000008000374                SysTick_Handler
                0x0000000008000374                PVD_IRQHandler
                0x0000000008000374                SDIO_IRQHandler
                0x0000000008000374                TAMP_STAMP_IRQHandler
                0x0000000008000374                PendSV_Handler
                0x0000000008000374                NMI_Handler
                0x0000000008000374                EXTI3_IRQHandler
                0x0000000008000374                TIM1_UP_TIM10_IRQHandler
                0x0000000008000374                I2C3_ER_IRQHandler
                0x0000000008000374                EXTI0_IRQHandler
                0x0000000008000374                I2C2_EV_IRQHandler
                0x0000000008000374                DMA1_Stream2_IRQHandler
                0x0000000008000374                FPU_IRQHandler
                0x0000000008000374                UsageFault_Handler
                0x0000000008000374                DMA2_Stream2_IRQHandler
                0x0000000008000374                SPI1_IRQHandler
                0x0000000008000374                TIM1_BRK_TIM9_IRQHandler
                0x0000000008000374                DMA2_Stream3_IRQHandler
                0x0000000008000374                USART6_IRQHandler
                0x0000000008000374                DMA2_Stream0_IRQHandler
                0x0000000008000374                TIM4_IRQHandler
                0x0000000008000374                I2C1_EV_IRQHandler
                0x0000000008000374                DMA1_Stream6_IRQHandler
                0x0000000008000374                DMA1_Stream1_IRQHandler
                0x0000000008000374                TIM3_IRQHandler
                0x0000000008000374                RCC_IRQHandler
                0x0000000008000374                Default_Handler
                0x0000000008000374                EXTI15_10_IRQHandler
                0x0000000008000374                ADC_IRQHandler
                0x0000000008000374                DMA1_Stream7_IRQHandler
                0x0000000008000374                SPI5_IRQHandler
                0x0000000008000374                TIM5_IRQHandler
                0x0000000008000374                DMA2_Stream7_IRQHandler
                0x0000000008000374                I2C3_EV_IRQHandler
                0x0000000008000374                EXTI9_5_IRQHandler
                0x0000000008000374                RTC_WKUP_IRQHandler
                0x0000000008000374                SPI2_IRQHandler
                0x0000000008000374                MemManage_Handler
                0x0000000008000374                DMA1_Stream0_IRQHandler
                0x0000000008000374                SVC_Handler
                0x0000000008000374                EXTI4_IRQHandler
                0x0000000008000374                WWDG_IRQHandler
                0x0000000008000374                TIM2_IRQHandler
                0x0000000008000374                OTG_FS_WKUP_IRQHandler
                0x0000000008000374                TIM1_TRG_COM_TIM11_IRQHandler
                0x0000000008000374                EXTI1_IRQHandler
                0x0000000008000374                USART2_IRQHandler
                0x0000000008000374                I2C2_ER_IRQHandler
                0x0000000008000374                DMA2_Stream1_IRQHandler
                0x0000000008000374                FLASH_IRQHandler
                0x0000000008000374                DMA2_Stream4_IRQHandler
                0x0000000008000374                BusFault_Handler
                0x0000000008000374                USART1_IRQHandler
                0x0000000008000374                OTG_FS_IRQHandler
                0x0000000008000374                SPI3_IRQHandler
                0x0000000008000374                DMA1_Stream4_IRQHandler
                0x0000000008000374                I2C1_ER_IRQHandler
                0x0000000008000374                DMA2_Stream6_IRQHandler
                0x0000000008000374                DMA1_Stream3_IRQHandler
 *fill*         0x0000000008000376        0x2 
 .text.GPIO_PeriClockControl
                0x0000000008000378      0x140 ./drivers/Src/stm32f411xx_gpio_driver.o
                0x0000000008000378                GPIO_PeriClockControl
 .text.GPIO_Init
                0x00000000080004b8      0x308 ./drivers/Src/stm32f411xx_gpio_driver.o
                0x00000000080004b8                GPIO_Init
 .text.GPIO_ReadFromInputPin
                0x00000000080007c0       0x2c ./drivers/Src/stm32f411xx_gpio_driver.o
                0x00000000080007c0                GPIO_ReadFromInputPin
 .text.SPI_PeriClockControl
                0x00000000080007ec       0xb0 ./drivers/Src/stm32f411xx_spi_driver.o
                0x00000000080007ec                SPI_PeriClockControl
 .text.SPI_Init
                0x000000000800089c       0xa8 ./drivers/Src/stm32f411xx_spi_driver.o
                0x000000000800089c                SPI_Init
 .text.SPI_Get_Flag_Status
                0x0000000008000944       0x28 ./drivers/Src/stm32f411xx_spi_driver.o
                0x0000000008000944                SPI_Get_Flag_Status
 .text.SPI_SendData
                0x000000000800096c       0x6e ./drivers/Src/stm32f411xx_spi_driver.o
                0x000000000800096c                SPI_SendData
 .text.SPI_PeripheralControl
                0x00000000080009da       0x38 ./drivers/Src/stm32f411xx_spi_driver.o
                0x00000000080009da                SPI_PeripheralControl
 .text.SPI_SSOEConfig
                0x0000000008000a12       0x38 ./drivers/Src/stm32f411xx_spi_driver.o
                0x0000000008000a12                SPI_SSOEConfig
 *fill*         0x0000000008000a4a        0x2 
 .text.__libc_init_array
                0x0000000008000a4c       0x48 d:/st/stm32cubeide_1.9.0/stm32cubeide/plugins/com.st.stm32cube.ide.mcu.externaltools.gnu-tools-for-stm32.10.3-2021.10.win32_1.0.0.202111181127/tools/bin/../lib/gcc/arm-none-eabi/10.3.1/../../../../arm-none-eabi/lib/thumb/v7e-m+fp/hard\libc_nano.a(lib_a-init.o)
                0x0000000008000a4c                __libc_init_array
 *(.glue_7)
 .glue_7        0x0000000008000a94        0x0 linker stubs
 *(.glue_7t)
 .glue_7t       0x0000000008000a94        0x0 linker stubs
 *(.eh_frame)
 .eh_frame      0x0000000008000a94        0x0 d:/st/stm32cubeide_1.9.0/stm32cubeide/plugins/com.st.stm32cube.ide.mcu.externaltools.gnu-tools-for-stm32.10.3-2021.10.win32_1.0.0.202111181127/tools/bin/../lib/gcc/arm-none-eabi/10.3.1/thumb/v7e-m+fp/hard/crtbegin.o
 *(.init)
 .init          0x0000000008000a94        0x4 d:/st/stm32cubeide_1.9.0/stm32cubeide/plugins/com.st.stm32cube.ide.mcu.externaltools.gnu-tools-for-stm32.10.3-2021.10.win32_1.0.0.202111181127/tools/bin/../lib/gcc/arm-none-eabi/10.3.1/thumb/v7e-m+fp/hard/crti.o
                0x0000000008000a94                _init
 .init          0x0000000008000a98        0x8 d:/st/stm32cubeide_1.9.0/stm32cubeide/plugins/com.st.stm32cube.ide.mcu.externaltools.gnu-tools-for-stm32.10.3-2021.10.win32_1.0.0.202111181127/tools/bin/../lib/gcc/arm-none-eabi/10.3.1/thumb/v7e-m+fp/hard/crtn.o
 *(.fini)
 .fini          0x0000000008000aa0        0x4 d:/st/stm32cubeide_1.9.0/stm32cubeide/plugins/com.st.stm32cube.ide.mcu.externaltools.gnu-tools-for-stm32.10.3-2021.10.win32_1.0.0.202111181127/tools/bin/../lib/gcc/arm-none-eabi/10.3.1/thumb/v7e-m+fp/hard/crti.o
                0x0000000008000aa0                _fini
 .fini          0x0000000008000aa4        0x8 d:/st/stm32cubeide_1.9.0/stm32cubeide/plugins/com.st.stm32cube.ide.mcu.externaltools.gnu-tools-for-stm32.10.3-2021.10.win32_1.0.0.202111181127/tools/bin/../lib/gcc/arm-none-eabi/10.3.1/thumb/v7e-m+fp/hard/crtn.o
                0x0000000008000aac                . = ALIGN (0x4)
                0x0000000008000aac                _etext = .

.vfp11_veneer   0x0000000008000aac        0x0
 .vfp11_veneer  0x0000000008000aac        0x0 linker stubs

.v4_bx          0x0000000008000aac        0x0
 .v4_bx         0x0000000008000aac        0x0 linker stubs

.iplt           0x0000000008000aac        0x0
 .iplt          0x0000000008000aac        0x0 d:/st/stm32cubeide_1.9.0/stm32cubeide/plugins/com.st.stm32cube.ide.mcu.externaltools.gnu-tools-for-stm32.10.3-2021.10.win32_1.0.0.202111181127/tools/bin/../lib/gcc/arm-none-eabi/10.3.1/thumb/v7e-m+fp/hard/crtbegin.o

.rodata         0x0000000008000aac        0xc
                0x0000000008000aac                . = ALIGN (0x4)
 *(.rodata)
 .rodata        0x0000000008000aac        0xc ./Src/007spi_txonly_arduino.o
 *(.rodata*)
                0x0000000008000ab8                . = ALIGN (0x4)

.rel.dyn        0x0000000008000ab8        0x0
 .rel.iplt      0x0000000008000ab8        0x0 d:/st/stm32cubeide_1.9.0/stm32cubeide/plugins/com.st.stm32cube.ide.mcu.externaltools.gnu-tools-for-stm32.10.3-2021.10.win32_1.0.0.202111181127/tools/bin/../lib/gcc/arm-none-eabi/10.3.1/thumb/v7e-m+fp/hard/crtbegin.o

.ARM.extab      0x0000000008000ab8        0x0
                0x0000000008000ab8                . = ALIGN (0x4)
 *(.ARM.extab* .gnu.linkonce.armextab.*)
                0x0000000008000ab8                . = ALIGN (0x4)

.ARM            0x0000000008000ab8        0x0
                0x0000000008000ab8                . = ALIGN (0x4)
                0x0000000008000ab8                __exidx_start = .
 *(.ARM.exidx*)
                0x0000000008000ab8                __exidx_end = .
                0x0000000008000ab8                . = ALIGN (0x4)

.preinit_array  0x0000000008000ab8        0x0
                0x0000000008000ab8                . = ALIGN (0x4)
                0x0000000008000ab8                PROVIDE (__preinit_array_start = .)
 *(.preinit_array*)
                0x0000000008000ab8                PROVIDE (__preinit_array_end = .)
                0x0000000008000ab8                . = ALIGN (0x4)

.init_array     0x0000000008000ab8        0x4
                0x0000000008000ab8                . = ALIGN (0x4)
                0x0000000008000ab8                PROVIDE (__init_array_start = .)
 *(SORT_BY_NAME(.init_array.*))
 *(.init_array*)
 .init_array    0x0000000008000ab8        0x4 d:/st/stm32cubeide_1.9.0/stm32cubeide/plugins/com.st.stm32cube.ide.mcu.externaltools.gnu-tools-for-stm32.10.3-2021.10.win32_1.0.0.202111181127/tools/bin/../lib/gcc/arm-none-eabi/10.3.1/thumb/v7e-m+fp/hard/crtbegin.o
                0x0000000008000abc                PROVIDE (__init_array_end = .)
                0x0000000008000abc                . = ALIGN (0x4)

.fini_array     0x0000000008000abc        0x4
                0x0000000008000abc                . = ALIGN (0x4)
                [!provide]                        PROVIDE (__fini_array_start = .)
 *(SORT_BY_NAME(.fini_array.*))
 *(.fini_array*)
 .fini_array    0x0000000008000abc        0x4 d:/st/stm32cubeide_1.9.0/stm32cubeide/plugins/com.st.stm32cube.ide.mcu.externaltools.gnu-tools-for-stm32.10.3-2021.10.win32_1.0.0.202111181127/tools/bin/../lib/gcc/arm-none-eabi/10.3.1/thumb/v7e-m+fp/hard/crtbegin.o
                [!provide]                        PROVIDE (__fini_array_end = .)
                0x0000000008000ac0                . = ALIGN (0x4)
                0x0000000008000ac0                _sidata = LOADADDR (.data)

.data           0x0000000020000000        0x0 load address 0x0000000008000ac0
                0x0000000020000000                . = ALIGN (0x4)
                0x0000000020000000                _sdata = .
 *(.data)
 *(.data*)
 *(.RamFunc)
 *(.RamFunc*)
                0x0000000020000000                . = ALIGN (0x4)
                0x0000000020000000                _edata = .

.igot.plt       0x0000000020000000        0x0 load address 0x0000000008000ac0
 .igot.plt      0x0000000020000000        0x0 d:/st/stm32cubeide_1.9.0/stm32cubeide/plugins/com.st.stm32cube.ide.mcu.externaltools.gnu-tools-for-stm32.10.3-2021.10.win32_1.0.0.202111181127/tools/bin/../lib/gcc/arm-none-eabi/10.3.1/thumb/v7e-m+fp/hard/crtbegin.o
                0x0000000020000000                . = ALIGN (0x4)

.bss            0x0000000020000000       0x1c load address 0x0000000008000ac0
                0x0000000020000000                _sbss = .
                0x0000000020000000                __bss_start__ = _sbss
 *(.bss)
 .bss           0x0000000020000000       0x1c d:/st/stm32cubeide_1.9.0/stm32cubeide/plugins/com.st.stm32cube.ide.mcu.externaltools.gnu-tools-for-stm32.10.3-2021.10.win32_1.0.0.202111181127/tools/bin/../lib/gcc/arm-none-eabi/10.3.1/thumb/v7e-m+fp/hard/crtbegin.o
 *(.bss*)
 *(COMMON)
                0x000000002000001c                . = ALIGN (0x4)
                0x000000002000001c                _ebss = .
                0x000000002000001c                __bss_end__ = _ebss

._user_heap_stack
                0x000000002000001c      0x604 load address 0x0000000008000ac0
                0x0000000020000020                . = ALIGN (0x8)
 *fill*         0x000000002000001c        0x4 
                [!provide]                        PROVIDE (end = .)
                0x0000000020000020                PROVIDE (_end = .)
                0x0000000020000220                . = (. + _Min_Heap_Size)
 *fill*         0x0000000020000020      0x200 
                0x0000000020000620                . = (. + _Min_Stack_Size)
 *fill*         0x0000000020000220      0x400 
                0x0000000020000620                . = ALIGN (0x8)

/DISCARD/
 libc.a(*)
 libm.a(*)
 libgcc.a(*)

.ARM.attributes
                0x0000000000000000       0x30
 *(.ARM.attributes)
 .ARM.attributes
                0x0000000000000000       0x1e d:/st/stm32cubeide_1.9.0/stm32cubeide/plugins/com.st.stm32cube.ide.mcu.externaltools.gnu-tools-for-stm32.10.3-2021.10.win32_1.0.0.202111181127/tools/bin/../lib/gcc/arm-none-eabi/10.3.1/thumb/v7e-m+fp/hard/crti.o
 .ARM.attributes
                0x000000000000001e       0x34 d:/st/stm32cubeide_1.9.0/stm32cubeide/plugins/com.st.stm32cube.ide.mcu.externaltools.gnu-tools-for-stm32.10.3-2021.10.win32_1.0.0.202111181127/tools/bin/../lib/gcc/arm-none-eabi/10.3.1/thumb/v7e-m+fp/hard/crtbegin.o
 .ARM.attributes
                0x0000000000000052       0x34 ./Src/007spi_txonly_arduino.o
 .ARM.attributes
                0x0000000000000086       0x21 ./Startup/startup_stm32f411vetx.o
 .ARM.attributes
                0x00000000000000a7       0x34 ./drivers/Src/stm32f411xx_gpio_driver.o
 .ARM.attributes
                0x00000000000000db       0x34 ./drivers/Src/stm32f411xx_spi_driver.o
 .ARM.attributes
                0x000000000000010f       0x34 d:/st/stm32cubeide_1.9.0/stm32cubeide/plugins/com.st.stm32cube.ide.mcu.externaltools.gnu-tools-for-stm32.10.3-2021.10.win32_1.0.0.202111181127/tools/bin/../lib/gcc/arm-none-eabi/10.3.1/../../../../arm-none-eabi/lib/thumb/v7e-m+fp/hard\libc_nano.a(lib_a-init.o)
 .ARM.attributes
                0x0000000000000143       0x17 d:/st/stm32cubeide_1.9.0/stm32cubeide/plugins/com.st.stm32cube.ide.mcu.externaltools.gnu-tools-for-stm32.10.3-2021.10.win32_1.0.0.202111181127/tools/bin/../lib/gcc/arm-none-eabi/10.3.1/../../../../arm-none-eabi/lib/thumb/v7e-m+fp/hard\libc_nano.a(lib_a-strlen.o)
 .ARM.attributes
                0x000000000000015a       0x1e d:/st/stm32cubeide_1.9.0/stm32cubeide/plugins/com.st.stm32cube.ide.mcu.externaltools.gnu-tools-for-stm32.10.3-2021.10.win32_1.0.0.202111181127/tools/bin/../lib/gcc/arm-none-eabi/10.3.1/thumb/v7e-m+fp/hard/crtn.o
OUTPUT(stm32f4xx_drivers.elf elf32-littlearm)
LOAD linker stubs
LOAD d:/st/stm32cubeide_1.9.0/stm32cubeide/plugins/com.st.stm32cube.ide.mcu.externaltools.gnu-tools-for-stm32.10.3-2021.10.win32_1.0.0.202111181127/tools/bin/../lib/gcc/arm-none-eabi/10.3.1/../../../../arm-none-eabi/lib/thumb/v7e-m+fp/hard\libc.a
LOAD d:/st/stm32cubeide_1.9.0/stm32cubeide/plugins/com.st.stm32cube.ide.mcu.externaltools.gnu-tools-for-stm32.10.3-2021.10.win32_1.0.0.202111181127/tools/bin/../lib/gcc/arm-none-eabi/10.3.1/../../../../arm-none-eabi/lib/thumb/v7e-m+fp/hard\libm.a
LOAD d:/st/stm32cubeide_1.9.0/stm32cubeide/plugins/com.st.stm32cube.ide.mcu.externaltools.gnu-tools-for-stm32.10.3-2021.10.win32_1.0.0.202111181127/tools/bin/../lib/gcc/arm-none-eabi/10.3.1/thumb/v7e-m+fp/hard\libgcc.a

.debug_info     0x0000000000000000     0x157b
 .debug_info    0x0000000000000000      0x53d ./Src/007spi_txonly_arduino.o
 .debug_info    0x000000000000053d       0x22 ./Startup/startup_stm32f411vetx.o
 .debug_info    0x000000000000055f      0x76e ./drivers/Src/stm32f411xx_gpio_driver.o
 .debug_info    0x0000000000000ccd      0x8ae ./drivers/Src/stm32f411xx_spi_driver.o

.debug_abbrev   0x0000000000000000      0x4a9
 .debug_abbrev  0x0000000000000000      0x17e ./Src/007spi_txonly_arduino.o
 .debug_abbrev  0x000000000000017e       0x12 ./Startup/startup_stm32f411vetx.o
 .debug_abbrev  0x0000000000000190      0x173 ./drivers/Src/stm32f411xx_gpio_driver.o
 .debug_abbrev  0x0000000000000303      0x1a6 ./drivers/Src/stm32f411xx_spi_driver.o

.debug_aranges  0x0000000000000000      0x198
 .debug_aranges
                0x0000000000000000       0x40 ./Src/007spi_txonly_arduino.o
 .debug_aranges
                0x0000000000000040       0x28 ./Startup/startup_stm32f411vetx.o
 .debug_aranges
                0x0000000000000068       0x70 ./drivers/Src/stm32f411xx_gpio_driver.o
 .debug_aranges
                0x00000000000000d8       0xc0 ./drivers/Src/stm32f411xx_spi_driver.o

.debug_ranges   0x0000000000000000      0x160
 .debug_ranges  0x0000000000000000       0x30 ./Src/007spi_txonly_arduino.o
 .debug_ranges  0x0000000000000030       0x20 ./Startup/startup_stm32f411vetx.o
 .debug_ranges  0x0000000000000050       0x60 ./drivers/Src/stm32f411xx_gpio_driver.o
 .debug_ranges  0x00000000000000b0       0xb0 ./drivers/Src/stm32f411xx_spi_driver.o

.debug_macro    0x0000000000000000     0x2627
 .debug_macro   0x0000000000000000      0x180 ./Src/007spi_txonly_arduino.o
 .debug_macro   0x0000000000000180      0xa7e ./Src/007spi_txonly_arduino.o
 .debug_macro   0x0000000000000bfe       0x22 ./Src/007spi_txonly_arduino.o
 .debug_macro   0x0000000000000c20       0x4c ./Src/007spi_txonly_arduino.o
 .debug_macro   0x0000000000000c6c       0x1e ./Src/007spi_txonly_arduino.o
 .debug_macro   0x0000000000000c8a       0x94 ./Src/007spi_txonly_arduino.o
 .debug_macro   0x0000000000000d1e       0x3c ./Src/007spi_txonly_arduino.o
 .debug_macro   0x0000000000000d5a       0x34 ./Src/007spi_txonly_arduino.o
 .debug_macro   0x0000000000000d8e      0x174 ./Src/007spi_txonly_arduino.o
 .debug_macro   0x0000000000000f02       0x16 ./Src/007spi_txonly_arduino.o
 .debug_macro   0x0000000000000f18       0x43 ./Src/007spi_txonly_arduino.o
 .debug_macro   0x0000000000000f5b       0x57 ./Src/007spi_txonly_arduino.o
 .debug_macro   0x0000000000000fb2       0x34 ./Src/007spi_txonly_arduino.o
 .debug_macro   0x0000000000000fe6       0x10 ./Src/007spi_txonly_arduino.o
 .debug_macro   0x0000000000000ff6       0x58 ./Src/007spi_txonly_arduino.o
 .debug_macro   0x000000000000104e       0x71 ./Src/007spi_txonly_arduino.o
 .debug_macro   0x00000000000010bf       0x1c ./Src/007spi_txonly_arduino.o
 .debug_macro   0x00000000000010db      0x12a ./Src/007spi_txonly_arduino.o
 .debug_macro   0x0000000000001205      0x341 ./Src/007spi_txonly_arduino.o
 .debug_macro   0x0000000000001546       0x10 ./Src/007spi_txonly_arduino.o
 .debug_macro   0x0000000000001556       0x35 ./Src/007spi_txonly_arduino.o
 .debug_macro   0x000000000000158b       0x20 ./Src/007spi_txonly_arduino.o
 .debug_macro   0x00000000000015ab      0x103 ./Src/007spi_txonly_arduino.o
 .debug_macro   0x00000000000016ae       0x6a ./Src/007spi_txonly_arduino.o
 .debug_macro   0x0000000000001718      0x1df ./Src/007spi_txonly_arduino.o
 .debug_macro   0x00000000000018f7      0x6ab ./Src/007spi_txonly_arduino.o
 .debug_macro   0x0000000000001fa2       0xc4 ./Src/007spi_txonly_arduino.o
 .debug_macro   0x0000000000002066       0xc4 ./Src/007spi_txonly_arduino.o
 .debug_macro   0x000000000000212a       0xd6 ./Src/007spi_txonly_arduino.o
 .debug_macro   0x0000000000002200      0x106 ./Src/007spi_txonly_arduino.o
 .debug_macro   0x0000000000002306       0xc2 ./drivers/Src/stm32f411xx_gpio_driver.o
 .debug_macro   0x00000000000023c8       0x8e ./drivers/Src/stm32f411xx_gpio_driver.o
 .debug_macro   0x0000000000002456       0x51 ./drivers/Src/stm32f411xx_gpio_driver.o
 .debug_macro   0x00000000000024a7       0xbe ./drivers/Src/stm32f411xx_gpio_driver.o
 .debug_macro   0x0000000000002565       0xc2 ./drivers/Src/stm32f411xx_spi_driver.o

.debug_line     0x0000000000000000     0x1a45
 .debug_line    0x0000000000000000      0x6c7 ./Src/007spi_txonly_arduino.o
 .debug_line    0x00000000000006c7       0x85 ./Startup/startup_stm32f411vetx.o
 .debug_line    0x000000000000074c      0x94f ./drivers/Src/stm32f411xx_gpio_driver.o
 .debug_line    0x000000000000109b      0x9aa ./drivers/Src/stm32f411xx_spi_driver.o

.debug_str      0x0000000000000000     0x98f4
 .debug_str     0x0000000000000000     0x9492 ./Src/007spi_txonly_arduino.o
                                       0x96a7 (size before relaxing)
 .debug_str     0x0000000000009492       0x31 ./Startup/startup_stm32f411vetx.o
                                         0x74 (size before relaxing)
 .debug_str     0x00000000000094c3      0x28f ./drivers/Src/stm32f411xx_gpio_driver.o
                                       0x6947 (size before relaxing)
 .debug_str     0x0000000000009752      0x1a2 ./drivers/Src/stm32f411xx_spi_driver.o
                                       0x69d4 (size before relaxing)

.comment        0x0000000000000000       0x50
 .comment       0x0000000000000000       0x50 ./Src/007spi_txonly_arduino.o
                                         0x51 (size before relaxing)
 .comment       0x0000000000000050       0x51 ./drivers/Src/stm32f411xx_gpio_driver.o
 .comment       0x0000000000000050       0x51 ./drivers/Src/stm32f411xx_spi_driver.o

.debug_frame    0x0000000000000000      0x5f4
 .debug_frame   0x0000000000000000       0xc4 ./Src/007spi_txonly_arduino.o
 .debug_frame   0x00000000000000c4      0x1c8 ./drivers/Src/stm32f411xx_gpio_driver.o
 .debug_frame   0x000000000000028c      0x33c ./drivers/Src/stm32f411xx_spi_driver.o
 .debug_frame   0x00000000000005c8       0x2c d:/st/stm32cubeide_1.9.0/stm32cubeide/plugins/com.st.stm32cube.ide.mcu.externaltools.gnu-tools-for-stm32.10.3-2021.10.win32_1.0.0.202111181127/tools/bin/../lib/gcc/arm-none-eabi/10.3.1/../../../../arm-none-eabi/lib/thumb/v7e-m+fp/hard\libc_nano.a(lib_a-init.o)
